Archive member included to satisfy reference by file (symbol)

c:/program files (x86)/atmel/studio/7.0/toolchain/arm/arm-gnu-toolchain/bin/../lib/gcc/arm-none-eabi/6.3.1/thumb/v6-m\libgcc.a(_udivsi3.o)
                              src/ASF/common2/services/delay/sam0/systick_counter.o (__aeabi_uidiv)
c:/program files (x86)/atmel/studio/7.0/toolchain/arm/arm-gnu-toolchain/bin/../lib/gcc/arm-none-eabi/6.3.1/thumb/v6-m\libgcc.a(_divsi3.o)
                              src/ASF/thirdparty/fatfs/fatfs-r0.09/src/ff.o (__aeabi_idiv)
c:/program files (x86)/atmel/studio/7.0/toolchain/arm/arm-gnu-toolchain/bin/../lib/gcc/arm-none-eabi/6.3.1/thumb/v6-m\libgcc.a(_dvmd_tls.o)
                              c:/program files (x86)/atmel/studio/7.0/toolchain/arm/arm-gnu-toolchain/bin/../lib/gcc/arm-none-eabi/6.3.1/thumb/v6-m\libgcc.a(_udivsi3.o) (__aeabi_idiv0)
c:/program files (x86)/atmel/studio/7.0/toolchain/arm/arm-gnu-toolchain/bin/../lib/gcc/arm-none-eabi/6.3.1/thumb/v6-m\libgcc.a(_muldi3.o)
                              src/ASF/sam0/drivers/sercom/sercom.o (__aeabi_lmul)
c:/program files (x86)/atmel/studio/7.0/toolchain/arm/arm-gnu-toolchain/bin/../lib/gcc/arm-none-eabi/6.3.1/thumb/v6-m\libgcc.a(adddf3.o)
                              src/ASF/sam0/drivers/sercom/i2c/i2c_sam0/i2c_master.o (__aeabi_dadd)
c:/program files (x86)/atmel/studio/7.0/toolchain/arm/arm-gnu-toolchain/bin/../lib/gcc/arm-none-eabi/6.3.1/thumb/v6-m\libgcc.a(divdf3.o)
                              src/ASF/sam0/drivers/sercom/i2c/i2c_sam0/i2c_master.o (__aeabi_ddiv)
c:/program files (x86)/atmel/studio/7.0/toolchain/arm/arm-gnu-toolchain/bin/../lib/gcc/arm-none-eabi/6.3.1/thumb/v6-m\libgcc.a(muldf3.o)
                              src/ASF/sam0/drivers/sercom/i2c/i2c_sam0/i2c_master.o (__aeabi_dmul)
c:/program files (x86)/atmel/studio/7.0/toolchain/arm/arm-gnu-toolchain/bin/../lib/gcc/arm-none-eabi/6.3.1/thumb/v6-m\libgcc.a(subdf3.o)
                              src/ASF/sam0/drivers/sercom/i2c/i2c_sam0/i2c_master.o (__aeabi_dsub)
c:/program files (x86)/atmel/studio/7.0/toolchain/arm/arm-gnu-toolchain/bin/../lib/gcc/arm-none-eabi/6.3.1/thumb/v6-m\libgcc.a(fixdfsi.o)
                              src/ASF/sam0/drivers/sercom/i2c/i2c_sam0/i2c_master.o (__aeabi_d2iz)
c:/program files (x86)/atmel/studio/7.0/toolchain/arm/arm-gnu-toolchain/bin/../lib/gcc/arm-none-eabi/6.3.1/thumb/v6-m\libgcc.a(floatunsidf.o)
                              src/ASF/sam0/drivers/sercom/i2c/i2c_sam0/i2c_master.o (__aeabi_ui2d)
c:/program files (x86)/atmel/studio/7.0/toolchain/arm/arm-gnu-toolchain/bin/../lib/gcc/arm-none-eabi/6.3.1/thumb/v6-m\libgcc.a(_clzsi2.o)
                              c:/program files (x86)/atmel/studio/7.0/toolchain/arm/arm-gnu-toolchain/bin/../lib/gcc/arm-none-eabi/6.3.1/thumb/v6-m\libgcc.a(adddf3.o) (__clzsi2)
c:/program files (x86)/atmel/studio/7.0/toolchain/arm/arm-gnu-toolchain/bin/../lib/gcc/arm-none-eabi/6.3.1/../../../../arm-none-eabi/lib/thumb/v6-m\libc_nano.a(lib_a-exit.o)
                              c:/program files (x86)/atmel/studio/7.0/toolchain/arm/arm-gnu-toolchain/bin/../lib/gcc/arm-none-eabi/6.3.1/../../../../arm-none-eabi/lib/thumb/v6-m/crt0.o (exit)
c:/program files (x86)/atmel/studio/7.0/toolchain/arm/arm-gnu-toolchain/bin/../lib/gcc/arm-none-eabi/6.3.1/../../../../arm-none-eabi/lib/thumb/v6-m\libc_nano.a(lib_a-impure.o)
                              c:/program files (x86)/atmel/studio/7.0/toolchain/arm/arm-gnu-toolchain/bin/../lib/gcc/arm-none-eabi/6.3.1/../../../../arm-none-eabi/lib/thumb/v6-m\libc_nano.a(lib_a-exit.o) (_global_impure_ptr)
c:/program files (x86)/atmel/studio/7.0/toolchain/arm/arm-gnu-toolchain/bin/../lib/gcc/arm-none-eabi/6.3.1/../../../../arm-none-eabi/lib/thumb/v6-m\libc_nano.a(lib_a-init.o)
                              c:/program files (x86)/atmel/studio/7.0/toolchain/arm/arm-gnu-toolchain/bin/../lib/gcc/arm-none-eabi/6.3.1/../../../../arm-none-eabi/lib/thumb/v6-m/crt0.o (__libc_init_array)
c:/program files (x86)/atmel/studio/7.0/toolchain/arm/arm-gnu-toolchain/bin/../lib/gcc/arm-none-eabi/6.3.1/../../../../arm-none-eabi/lib/thumb/v6-m\libc_nano.a(lib_a-malloc.o)
                              src/SerialConsole/circular_buffer.o (malloc)
c:/program files (x86)/atmel/studio/7.0/toolchain/arm/arm-gnu-toolchain/bin/../lib/gcc/arm-none-eabi/6.3.1/../../../../arm-none-eabi/lib/thumb/v6-m\libc_nano.a(lib_a-memcpy-stub.o)
                              src/ASF/thirdparty/fatfs/fatfs-port-r0.09/diskio.o (memcpy)
c:/program files (x86)/atmel/studio/7.0/toolchain/arm/arm-gnu-toolchain/bin/../lib/gcc/arm-none-eabi/6.3.1/../../../../arm-none-eabi/lib/thumb/v6-m\libc_nano.a(lib_a-memset.o)
                              c:/program files (x86)/atmel/studio/7.0/toolchain/arm/arm-gnu-toolchain/bin/../lib/gcc/arm-none-eabi/6.3.1/../../../../arm-none-eabi/lib/thumb/v6-m/crt0.o (memset)
[...]
Memory Configuration

Name             Origin             Length             Attributes
rom              0x00000000         0x00040000         xr
ram              0x20000000         0x00008000         xrw
*default*        0x00000000         0xffffffff

Linker script and memory map

LOAD c:/program files (x86)/atmel/studio/7.0/toolchain/arm/arm-gnu-toolchain/bin/../lib/gcc/arm-none-eabi/6.3.1/thumb/v6-m/crti.o
LOAD c:/program files (x86)/atmel/studio/7.0/toolchain/arm/arm-gnu-toolchain/bin/../lib/gcc/arm-none-eabi/6.3.1/thumb/v6-m/crtbegin.o
LOAD c:/program files (x86)/atmel/studio/7.0/toolchain/arm/arm-gnu-toolchain/bin/../lib/gcc/arm-none-eabi/6.3.1/../../../../arm-none-eabi/lib/thumb/v6-m/crt0.o
LOAD src/ASF/common2/services/delay/sam0/systick_counter.o
LOAD src/Systick/Systick.o
LOAD src/ASF/common/services/crc32/crc32.o
LOAD src/ASF/sam0/boards/board_init.o
LOAD src/ASF/sam0/drivers/dsu/crc32/crc32.o
LOAD src/ASF/sam0/drivers/nvm/nvm.o
LOAD src/ASF/sam0/drivers/pac/pac_sam_d_r_h/pac.o
LOAD src/ASF/sam0/drivers/sercom/i2c/i2c_sam0/i2c_master.o
LOAD src/SD Card/SdCard.o
LOAD src/SerialConsole/circular_buffer.o
LOAD src/SerialConsole/SerialConsole.o
LOAD src/ASF/common2/components/memory/sd_mmc/sd_mmc.o
LOAD src/ASF/common2/components/memory/sd_mmc/sd_mmc_mem.o
LOAD src/ASF/common2/components/memory/sd_mmc/sd_mmc_spi.o
LOAD src/ASF/common/services/storage/ctrl_access/ctrl_access.o
LOAD src/ASF/common/utils/interrupt/interrupt_sam_nvic.o
LOAD src/ASF/sam0/drivers/port/port.o
LOAD src/ASF/sam0/drivers/rtc/rtc_sam_d_r_h/rtc_calendar.o
LOAD src/ASF/sam0/drivers/sercom/sercom.o
LOAD src/ASF/sam0/drivers/sercom/sercom_interrupt.o
LOAD src/ASF/sam0/drivers/sercom/spi/spi.o
LOAD src/ASF/sam0/drivers/sercom/spi/spi_interrupt.o
LOAD src/ASF/sam0/drivers/sercom/usart/usart.o
LOAD src/ASF/sam0/drivers/sercom/usart/usart_interrupt.o
LOAD src/ASF/sam0/drivers/system/clock/clock_samd21_r21_da_ha1/clock.o
LOAD src/ASF/sam0/drivers/system/clock/clock_samd21_r21_da_ha1/gclk.o
LOAD src/ASF/sam0/drivers/system/interrupt/system_interrupt.o
LOAD src/ASF/sam0/drivers/system/pinmux/pinmux.o
LOAD src/ASF/sam0/drivers/system/system.o
LOAD src/ASF/sam0/utils/cmsis/samd21/source/gcc/startup_samd21.o
LOAD src/ASF/sam0/utils/cmsis/samd21/source/system_samd21.o
LOAD src/ASF/sam0/utils/stdio/read.o
LOAD src/ASF/sam0/utils/stdio/write.o
LOAD src/ASF/sam0/utils/syscalls/gcc/syscalls.o
LOAD src/ASF/thirdparty/fatfs/fatfs-port-r0.09/diskio.o
LOAD src/ASF/thirdparty/fatfs/fatfs-port-r0.09/sam0/fattime_rtc.o
LOAD src/ASF/thirdparty/fatfs/fatfs-r0.09/src/ff.o
LOAD src/ASF/thirdparty/fatfs/fatfs-r0.09/src/option/ccsbcs.o
LOAD src/BootMain.o
START GROUP
LOAD ../src/ASF/thirdparty/CMSIS/Lib/GCC\libarm_cortexM0l_math.a
LOAD c:/program files (x86)/atmel/studio/7.0/toolchain/arm/arm-gnu-toolchain/bin/../lib/gcc/arm-none-eabi/6.3.1/../../../../arm-none-eabi/lib/thumb/v6-m\libm.a
END GROUP
                0x00002000                __stack_size__ = 0x2000
START GROUP
LOAD c:/program files (x86)/atmel/studio/7.0/toolchain/arm/arm-gnu-toolchain/bin/../lib/gcc/arm-none-eabi/6.3.1/thumb/v6-m\libgcc.a
LOAD c:/program files (x86)/atmel/studio/7.0/toolchain/arm/arm-gnu-toolchain/bin/../lib/gcc/arm-none-eabi/6.3.1/../../../../arm-none-eabi/lib/thumb/v6-m\libc_nano.a
END GROUP
START GROUP
LOAD c:/program files (x86)/atmel/studio/7.0/toolchain/arm/arm-gnu-toolchain/bin/../lib/gcc/arm-none-eabi/6.3.1/thumb/v6-m\libgcc.a
LOAD c:/program files (x86)/atmel/studio/7.0/toolchain/arm/arm-gnu-toolchain/bin/../lib/gcc/arm-none-eabi/6.3.1/../../../../arm-none-eabi/lib/thumb/v6-m\libc_nano.a
END GROUP
LOAD c:/program files (x86)/atmel/studio/7.0/toolchain/arm/arm-gnu-toolchain/bin/../lib/gcc/arm-none-eabi/6.3.1/thumb/v6-m/crtend.o
LOAD c:/program files (x86)/atmel/studio/7.0/toolchain/arm/arm-gnu-toolchain/bin/../lib/gcc/arm-none-eabi/6.3.1/thumb/v6-m/crtn.o
                0x00002000                STACK_SIZE = DEFINED (STACK_SIZE)?STACK_SIZE:DEFINED (__stack_size__)?__stack_size__:0x2000

.text           0x00000000     0xc99c
                0x00000000                . = ALIGN (0x4)
                0x00000000                _sfixed = .
 *(.vectors .vectors.*)
 .vectors       0x00000000       0xb4 src/ASF/sam0/utils/cmsis/samd21/source/gcc/startup_samd21.o
                0x00000000                exception_table
 *(.text .text.* .gnu.linkonce.t.*)
 .text          0x000000b4       0x60 c:/program files (x86)/atmel/studio/7.0/toolchain/arm/arm-gnu-toolchain/bin/../lib/gcc/arm-none-eabi/6.3.1/thumb/v6-m/crtbegin.o
 .text.delay_cycles
                0x00000114       0x34 src/ASF/common2/services/delay/sam0/systick_counter.o
 .text.delay_init
                0x00000148       0x58 src/ASF/common2/services/delay/sam0/systick_counter.o
                0x00000148                delay_init
 .text.delay_cycles_ms
                0x000001a0       0x30 src/ASF/common2/services/delay/sam0/systick_counter.o
                0x000001a0                delay_cycles_ms
 .text.GetSystick
                0x000001d0       0x14 src/Systick/Systick.o
                0x000001d0                GetSystick
 .text.SysTick_Handler
                0x000001e4       0x18 src/Systick/Systick.o
                0x000001e4                SysTick_Handler
 .text.system_pinmux_get_group_from_gpio_pin
                0x000001fc       0x60 src/ASF/sam0/boards/board_init.o
 .text.port_get_group_from_gpio_pin
                0x0000025c       0x24 src/ASF/sam0/boards/board_init.o
 .text.port_get_config_defaults
                0x00000280       0x22 src/ASF/sam0/boards/board_init.o
 *fill*         0x000002a2        0x2 
 .text.port_pin_set_output_level
                0x000002a4       0x54 src/ASF/sam0/boards/board_init.o
 .text.system_board_init
                0x000002f8       0x60 src/ASF/sam0/boards/board_init.o
                0x000002f8                board_init
                0x000002f8                system_board_init
 .text.nvm_is_ready
                0x00000358       0x28 src/ASF/sam0/drivers/nvm/nvm.o
 .text.system_apb_clock_set_mask
                0x00000380       0x5c src/ASF/sam0/drivers/nvm/nvm.o
 .text.nvm_set_config
                0x000003dc       0xd8 src/ASF/sam0/drivers/nvm/nvm.o
                0x000003dc                nvm_set_config
 .text.nvm_execute_command
                0x000004b4      0x118 src/ASF/sam0/drivers/nvm/nvm.o
                0x000004b4                nvm_execute_command
 .text.nvm_write_buffer
                0x000005cc      0x14c src/ASF/sam0/drivers/nvm/nvm.o
                0x000005cc                nvm_write_buffer
 .text.nvm_erase_row
                0x00000718       0xa8 src/ASF/sam0/drivers/nvm/nvm.o
                0x00000718                nvm_erase_row
 .text.SdCard_Initiate
                0x000007c0       0x6c src/SD Card/SdCard.o
                0x000007c0                SdCard_Initiate
 .text.advance_pointer
                0x0000082c       0x60 src/SerialConsole/circular_buffer.o
 .text.retreat_pointer
                0x0000088c       0x34 src/SerialConsole/circular_buffer.o
 .text.circular_buf_init
                0x000008c0       0x3c src/SerialConsole/circular_buffer.o
                0x000008c0                circular_buf_init
 .text.circular_buf_reset
                0x000008fc       0x22 src/SerialConsole/circular_buffer.o
                0x000008fc                circular_buf_reset
 *fill*         0x0000091e        0x2 
 .text.circular_buf_put
                0x00000920       0x34 src/SerialConsole/circular_buffer.o
                0x00000920                circular_buf_put
 .text.circular_buf_get
                0x00000954       0x54 src/SerialConsole/circular_buffer.o
                0x00000954                circular_buf_get
 .text.circular_buf_empty
                0x000009a8       0x38 src/SerialConsole/circular_buffer.o
                0x000009a8                circular_buf_empty
 .text.system_interrupt_enable
                0x000009e0       0x2c src/SerialConsole/SerialConsole.o
 .text.system_interrupt_disable
                0x00000a0c       0x30 src/SerialConsole/SerialConsole.o
 .text.usart_is_syncing
                0x00000a3c       0x20 src/SerialConsole/SerialConsole.o
 .text._usart_wait_for_sync
                0x00000a5c       0x24 src/SerialConsole/SerialConsole.o
 .text.usart_get_config_defaults
                0x00000a80       0xbe src/SerialConsole/SerialConsole.o
 *fill*         0x00000b3e        0x2 
 .text.usart_enable
                0x00000b40       0x48 src/SerialConsole/SerialConsole.o
 .text.usart_disable
                0x00000b88       0x4c src/SerialConsole/SerialConsole.o
 .text.usart_enable_callback
                0x00000bd4       0x36 src/SerialConsole/SerialConsole.o
 *fill*         0x00000c0a        0x2 
 .text.usart_serial_putchar
                0x00000c0c       0x34 src/SerialConsole/SerialConsole.o
 .text.usart_serial_getchar
                0x00000c40       0x40 src/SerialConsole/SerialConsole.o
 .text.stdio_serial_init
                0x00000c80       0x60 src/SerialConsole/SerialConsole.o
 .text.InitializeSerialConsole
                0x00000ce0       0x70 src/SerialConsole/SerialConsole.o
                0x00000ce0                InitializeSerialConsole
 .text.DeinitializeSerialConsole
                0x00000d50       0x1c src/SerialConsole/SerialConsole.o
                0x00000d50                DeinitializeSerialConsole
 .text.SerialConsoleWriteString
                0x00000d6c       0x8c src/SerialConsole/SerialConsole.o
                0x00000d6c                SerialConsoleWriteString
 .text.LogMessage
                0x00000df8       0x1c src/SerialConsole/SerialConsole.o
                0x00000df8                LogMessage
 .text.configure_usart
                0x00000e14       0x88 src/SerialConsole/SerialConsole.o
 .text.configure_usart_callbacks
                0x00000e9c       0x4c src/SerialConsole/SerialConsole.o
 .text.usart_read_callback
                0x00000ee8       0x10 src/SerialConsole/SerialConsole.o
                0x00000ee8                usart_read_callback
 .text.usart_write_callback
                0x00000ef8       0x44 src/SerialConsole/SerialConsole.o
                0x00000ef8                usart_write_callback
 .text.SDMMC_UNSTUFF_BITS
                0x00000f3c      0x15c src/ASF/common2/components/memory/sd_mmc/sd_mmc.o
 .text.mmc_spi_op_cond
                0x00001098       0xac src/ASF/common2/components/memory/sd_mmc/sd_mmc.o
 .text.sd_spi_op_cond
                0x00001144       0xe4 src/ASF/common2/components/memory/sd_mmc/sd_mmc.o
 .text.sdio_op_cond
                0x00001228        0xc src/ASF/common2/components/memory/sd_mmc/sd_mmc.o
 .text.sd_cmd8  0x00001234       0x70 src/ASF/common2/components/memory/sd_mmc/sd_mmc.o
 .text.mmc_cmd8
                0x000012a4      0x12c src/ASF/common2/components/memory/sd_mmc/sd_mmc.o
 .text.sd_mmc_cmd9_spi
                0x000013d0       0x70 src/ASF/common2/components/memory/sd_mmc/sd_mmc.o
 .text.mmc_decode_csd
                0x00001440      0x130 src/ASF/common2/components/memory/sd_mmc/sd_mmc.o
 .text.sd_decode_csd
                0x00001570       0xec src/ASF/common2/components/memory/sd_mmc/sd_mmc.o
 .text.sd_mmc_cmd13
                0x0000165c       0x5c src/ASF/common2/components/memory/sd_mmc/sd_mmc.o
 .text.sd_acmd51
                0x000016b8      0x108 src/ASF/common2/components/memory/sd_mmc/sd_mmc.o
 .text.sd_mmc_select_slot
                0x000017c0       0xc4 src/ASF/common2/components/memory/sd_mmc/sd_mmc.o
 .text.sd_mmc_configure_slot
                0x00001884       0x38 src/ASF/common2/components/memory/sd_mmc/sd_mmc.o
 .text.sd_mmc_deselect_slot
                0x000018bc       0x24 src/ASF/common2/components/memory/sd_mmc/sd_mmc.o
 .text.sd_mmc_spi_card_init
                0x000018e0      0x1ac src/ASF/common2/components/memory/sd_mmc/sd_mmc.o
 .text.sd_mmc_spi_install_mmc
                0x00001a8c      0x100 src/ASF/common2/components/memory/sd_mmc/sd_mmc.o
 .text.sd_mmc_init
                0x00001b8c       0x50 src/ASF/common2/components/memory/sd_mmc/sd_mmc.o
                0x00001b8c                sd_mmc_init
 .text.sd_mmc_check
                0x00001bdc       0x74 src/ASF/common2/components/memory/sd_mmc/sd_mmc.o
                0x00001bdc                sd_mmc_check
 .text.sd_mmc_get_type
                0x00001c50       0x3c src/ASF/common2/components/memory/sd_mmc/sd_mmc.o
                0x00001c50                sd_mmc_get_type
 .text.sd_mmc_get_capacity
                0x00001c8c       0x3c src/ASF/common2/components/memory/sd_mmc/sd_mmc.o
                0x00001c8c                sd_mmc_get_capacity
 .text.sd_mmc_is_write_protected
                0x00001cc8       0x16 src/ASF/common2/components/memory/sd_mmc/sd_mmc.o
                0x00001cc8                sd_mmc_is_write_protected
 *fill*         0x00001cde        0x2 
 .text.sd_mmc_init_read_blocks
                0x00001ce0       0xec src/ASF/common2/components/memory/sd_mmc/sd_mmc.o
                0x00001ce0                sd_mmc_init_read_blocks
 .text.sd_mmc_start_read_blocks
                0x00001dcc       0x58 src/ASF/common2/components/memory/sd_mmc/sd_mmc.o
                0x00001dcc                sd_mmc_start_read_blocks
 .text.sd_mmc_wait_end_of_read_blocks
                0x00001e24       0x98 src/ASF/common2/components/memory/sd_mmc/sd_mmc.o
                0x00001e24                sd_mmc_wait_end_of_read_blocks
 .text.sd_mmc_init_write_blocks
                0x00001ebc       0xe8 src/ASF/common2/components/memory/sd_mmc/sd_mmc.o
                0x00001ebc                sd_mmc_init_write_blocks
 .text.sd_mmc_start_write_blocks
                0x00001fa4       0x58 src/ASF/common2/components/memory/sd_mmc/sd_mmc.o
                0x00001fa4                sd_mmc_start_write_blocks
 .text.sd_mmc_wait_end_of_write_blocks
                0x00001ffc       0x6c src/ASF/common2/components/memory/sd_mmc/sd_mmc.o
                0x00001ffc                sd_mmc_wait_end_of_write_blocks
 .text.sd_mmc_test_unit_ready
                0x00002068       0x78 src/ASF/common2/components/memory/sd_mmc/sd_mmc_mem.o
                0x00002068                sd_mmc_test_unit_ready
 .text.sd_mmc_test_unit_ready_0
                0x000020e0       0x18 src/ASF/common2/components/memory/sd_mmc/sd_mmc_mem.o
                0x000020e0                sd_mmc_test_unit_ready_0
 .text.sd_mmc_read_capacity
                0x000020f8       0x40 src/ASF/common2/components/memory/sd_mmc/sd_mmc_mem.o
                0x000020f8                sd_mmc_read_capacity
 .text.sd_mmc_read_capacity_0
                0x00002138       0x20 src/ASF/common2/components/memory/sd_mmc/sd_mmc_mem.o
                0x00002138                sd_mmc_read_capacity_0
 .text.sd_mmc_unload
                0x00002158       0x2c src/ASF/common2/components/memory/sd_mmc/sd_mmc_mem.o
                0x00002158                sd_mmc_unload
 .text.sd_mmc_unload_0
                0x00002184       0x28 src/ASF/common2/components/memory/sd_mmc/sd_mmc_mem.o
                0x00002184                sd_mmc_unload_0
 .text.sd_mmc_wr_protect
                0x000021ac       0x24 src/ASF/common2/components/memory/sd_mmc/sd_mmc_mem.o
                0x000021ac                sd_mmc_wr_protect
 .text.sd_mmc_wr_protect_0
                0x000021d0       0x18 src/ASF/common2/components/memory/sd_mmc/sd_mmc_mem.o
                0x000021d0                sd_mmc_wr_protect_0
 .text.sd_mmc_removal
                0x000021e8       0x16 src/ASF/common2/components/memory/sd_mmc/sd_mmc_mem.o
                0x000021e8                sd_mmc_removal
 *fill*         0x000021fe        0x2 
 .text.sd_mmc_removal_0
                0x00002200       0x18 src/ASF/common2/components/memory/sd_mmc/sd_mmc_mem.o
                0x00002200                sd_mmc_removal_0
 .text.sd_mmc_mem_2_ram
                0x00002218       0x6c src/ASF/common2/components/memory/sd_mmc/sd_mmc_mem.o
                0x00002218                sd_mmc_mem_2_ram
 .text.sd_mmc_mem_2_ram_0
                0x00002284       0x24 src/ASF/common2/components/memory/sd_mmc/sd_mmc_mem.o
                0x00002284                sd_mmc_mem_2_ram_0
 .text.sd_mmc_ram_2_mem
                0x000022a8       0x6c src/ASF/common2/components/memory/sd_mmc/sd_mmc_mem.o
                0x000022a8                sd_mmc_ram_2_mem
 .text.sd_mmc_ram_2_mem_0
                0x00002314       0x24 src/ASF/common2/components/memory/sd_mmc/sd_mmc_mem.o
                0x00002314                sd_mmc_ram_2_mem_0
 .text.system_pinmux_get_group_from_gpio_pin
                0x00002338       0x60 src/ASF/common2/components/memory/sd_mmc/sd_mmc_spi.o
 .text.port_get_group_from_gpio_pin
                0x00002398       0x24 src/ASF/common2/components/memory/sd_mmc/sd_mmc_spi.o
 .text.port_get_config_defaults
                0x000023bc       0x22 src/ASF/common2/components/memory/sd_mmc/sd_mmc_spi.o
 *fill*         0x000023de        0x2 
 .text.port_pin_set_output_level
                0x000023e0       0x54 src/ASF/common2/components/memory/sd_mmc/sd_mmc_spi.o
 .text.system_interrupt_enable
                0x00002434       0x2c src/ASF/common2/components/memory/sd_mmc/sd_mmc_spi.o
 .text.spi_is_syncing
                0x00002460       0x20 src/ASF/common2/components/memory/sd_mmc/sd_mmc_spi.o
 .text.spi_get_config_defaults
                0x00002480       0x84 src/ASF/common2/components/memory/sd_mmc/sd_mmc_spi.o
 .text.spi_slave_inst_get_config_defaults
                0x00002504       0x22 src/ASF/common2/components/memory/sd_mmc/sd_mmc_spi.o
 *fill*         0x00002526        0x2 
 .text.spi_attach_slave
                0x00002528       0x64 src/ASF/common2/components/memory/sd_mmc/sd_mmc_spi.o
 .text.spi_enable
                0x0000258c       0x50 src/ASF/common2/components/memory/sd_mmc/sd_mmc_spi.o
 .text.sd_mmc_spi_crc7
                0x000025dc       0xbc src/ASF/common2/components/memory/sd_mmc/sd_mmc_spi.o
 .text.sd_mmc_spi_wait_busy
                0x00002698       0x6c src/ASF/common2/components/memory/sd_mmc/sd_mmc_spi.o
 .text.sd_mmc_spi_start_read_block
                0x00002704       0x84 src/ASF/common2/components/memory/sd_mmc/sd_mmc_spi.o
 .text.sd_mmc_spi_stop_read_block
                0x00002788       0x2c src/ASF/common2/components/memory/sd_mmc/sd_mmc_spi.o
 .text.sd_mmc_spi_start_write_block
                0x000027b4       0x50 src/ASF/common2/components/memory/sd_mmc/sd_mmc_spi.o
 .text.sd_mmc_spi_stop_write_block
                0x00002804       0x94 src/ASF/common2/components/memory/sd_mmc/sd_mmc_spi.o
 .text.sd_mmc_spi_stop_multiwrite_block
                0x00002898       0x9c src/ASF/common2/components/memory/sd_mmc/sd_mmc_spi.o
 .text.sd_mmc_deinit
                0x00002934       0x1c src/ASF/common2/components/memory/sd_mmc/sd_mmc_spi.o
                0x00002934                sd_mmc_deinit
 .text.sd_mmc_spi_init
                0x00002950       0xc8 src/ASF/common2/components/memory/sd_mmc/sd_mmc_spi.o
                0x00002950                sd_mmc_spi_init
 .text.sd_mmc_spi_select_device
                0x00002a18       0x88 src/ASF/common2/components/memory/sd_mmc/sd_mmc_spi.o
                0x00002a18                sd_mmc_spi_select_device
 .text.sd_mmc_spi_deselect_device
                0x00002aa0       0x44 src/ASF/common2/components/memory/sd_mmc/sd_mmc_spi.o
                0x00002aa0                sd_mmc_spi_deselect_device
 .text.sd_mmc_spi_send_clock
                0x00002ae4       0x4c src/ASF/common2/components/memory/sd_mmc/sd_mmc_spi.o
                0x00002ae4                sd_mmc_spi_send_clock
 .text.sd_mmc_spi_send_cmd
                0x00002b30       0x28 src/ASF/common2/components/memory/sd_mmc/sd_mmc_spi.o
                0x00002b30                sd_mmc_spi_send_cmd
 .text.sd_mmc_spi_adtc_start
                0x00002b58      0x218 src/ASF/common2/components/memory/sd_mmc/sd_mmc_spi.o
                0x00002b58                sd_mmc_spi_adtc_start
 .text.sd_mmc_spi_get_response
                0x00002d70       0x14 src/ASF/common2/components/memory/sd_mmc/sd_mmc_spi.o
                0x00002d70                sd_mmc_spi_get_response
 .text.sd_mmc_spi_read_word
                0x00002d84       0xa4 src/ASF/common2/components/memory/sd_mmc/sd_mmc_spi.o
                0x00002d84                sd_mmc_spi_read_word
 .text.sd_mmc_spi_start_read_blocks
                0x00002e28       0xa4 src/ASF/common2/components/memory/sd_mmc/sd_mmc_spi.o
                0x00002e28                sd_mmc_spi_start_read_blocks
 .text.sd_mmc_spi_wait_end_of_read_blocks
                0x00002ecc        0xc src/ASF/common2/components/memory/sd_mmc/sd_mmc_spi.o
                0x00002ecc                sd_mmc_spi_wait_end_of_read_blocks
 .text.sd_mmc_spi_start_write_blocks
                0x00002ed8       0xc0 src/ASF/common2/components/memory/sd_mmc/sd_mmc_spi.o
                0x00002ed8                sd_mmc_spi_start_write_blocks
 .text.sd_mmc_spi_wait_end_of_write_blocks
                0x00002f98       0x38 src/ASF/common2/components/memory/sd_mmc/sd_mmc_spi.o
                0x00002f98                sd_mmc_spi_wait_end_of_write_blocks
 .text.mem_test_unit_ready
                0x00002fd0       0x40 src/ASF/common/services/storage/ctrl_access/ctrl_access.o
                0x00002fd0                mem_test_unit_ready
 .text.mem_read_capacity
                0x00003010       0x4c src/ASF/common/services/storage/ctrl_access/ctrl_access.o
                0x00003010                mem_read_capacity
 .text.mem_sector_size
                0x0000305c       0x2a src/ASF/common/services/storage/ctrl_access/ctrl_access.o
                0x0000305c                mem_sector_size
 *fill*         0x00003086        0x2 
 .text.mem_wr_protect
                0x00003088       0x48 src/ASF/common/services/storage/ctrl_access/ctrl_access.o
                0x00003088                mem_wr_protect
 .text.memory_2_ram
                0x000030d0       0x54 src/ASF/common/services/storage/ctrl_access/ctrl_access.o
                0x000030d0                memory_2_ram
 .text.ram_2_memory
                0x00003124       0x54 src/ASF/common/services/storage/ctrl_access/ctrl_access.o
                0x00003124                ram_2_memory
 .text.cpu_irq_enter_critical
                0x00003178       0x54 src/ASF/common/utils/interrupt/interrupt_sam_nvic.o
                0x00003178                cpu_irq_enter_critical
 .text.cpu_irq_leave_critical
                0x000031cc       0x40 src/ASF/common/utils/interrupt/interrupt_sam_nvic.o
                0x000031cc                cpu_irq_leave_critical
 .text.system_pinmux_get_config_defaults
                0x0000320c       0x28 src/ASF/sam0/drivers/port/port.o
 .text.port_pin_set_config
                0x00003234       0x60 src/ASF/sam0/drivers/port/port.o
                0x00003234                port_pin_set_config
 .text.system_gclk_chan_get_config_defaults
                0x00003294       0x16 src/ASF/sam0/drivers/rtc/rtc_sam_d_r_h/rtc_calendar.o
 *fill*         0x000032aa        0x2 
 .text.system_apb_clock_set_mask
                0x000032ac       0x5c src/ASF/sam0/drivers/rtc/rtc_sam_d_r_h/rtc_calendar.o
 .text.rtc_calendar_is_syncing
                0x00003308       0x28 src/ASF/sam0/drivers/rtc/rtc_sam_d_r_h/rtc_calendar.o
 .text.rtc_calendar_enable
                0x00003330       0x38 src/ASF/sam0/drivers/rtc/rtc_sam_d_r_h/rtc_calendar.o
                0x00003330                rtc_calendar_enable
 .text.rtc_calendar_disable
                0x00003368       0x44 src/ASF/sam0/drivers/rtc/rtc_sam_d_r_h/rtc_calendar.o
                0x00003368                rtc_calendar_disable
 .text.rtc_calendar_reset
                0x000033ac       0x44 src/ASF/sam0/drivers/rtc/rtc_sam_d_r_h/rtc_calendar.o
                0x000033ac                rtc_calendar_reset
 .text.rtc_calendar_time_to_register_value
                0x000033f0       0x88 src/ASF/sam0/drivers/rtc/rtc_sam_d_r_h/rtc_calendar.o
                0x000033f0                rtc_calendar_time_to_register_value
 .text.rtc_calendar_register_value_to_time
                0x00003478       0xa0 src/ASF/sam0/drivers/rtc/rtc_sam_d_r_h/rtc_calendar.o
                0x00003478                rtc_calendar_register_value_to_time
 .text._rtc_calendar_set_config
                0x00003518       0xc8 src/ASF/sam0/drivers/rtc/rtc_sam_d_r_h/rtc_calendar.o
 .text.rtc_calendar_init
                0x000035e0       0x94 src/ASF/sam0/drivers/rtc/rtc_sam_d_r_h/rtc_calendar.o
                0x000035e0                rtc_calendar_init
 .text.rtc_calendar_get_time
                0x00003674       0x8c src/ASF/sam0/drivers/rtc/rtc_sam_d_r_h/rtc_calendar.o
                0x00003674                rtc_calendar_get_time
 .text.rtc_calendar_set_alarm
                0x00003700       0x74 src/ASF/sam0/drivers/rtc/rtc_sam_d_r_h/rtc_calendar.o
                0x00003700                rtc_calendar_set_alarm
 .text.system_gclk_chan_get_config_defaults
                0x00003774       0x16 src/ASF/sam0/drivers/sercom/sercom.o
 .text.long_division
                0x0000378a       0xe0 src/ASF/sam0/drivers/sercom/sercom.o
 .text._sercom_get_sync_baud_val
                0x0000386a       0x7c src/ASF/sam0/drivers/sercom/sercom.o
                0x0000386a                _sercom_get_sync_baud_val
 *fill*         0x000038e6        0x2 
 .text._sercom_get_async_baud_val
                0x000038e8      0x1c0 src/ASF/sam0/drivers/sercom/sercom.o
                0x000038e8                _sercom_get_async_baud_val
 .text.sercom_set_gclk_generator
                0x00003aa8       0x8c src/ASF/sam0/drivers/sercom/sercom.o
                0x00003aa8                sercom_set_gclk_generator
 .text._sercom_get_default_pad
                0x00003b34      0x1bc src/ASF/sam0/drivers/sercom/sercom.o
                0x00003b34                _sercom_get_default_pad
 .text._sercom_get_sercom_inst_index
                0x00003cf0       0x50 src/ASF/sam0/drivers/sercom/sercom.o
                0x00003cf0                _sercom_get_sercom_inst_index
 .text._sercom_default_handler
                0x00003d40       0x14 src/ASF/sam0/drivers/sercom/sercom_interrupt.o
 .text._sercom_set_handler
                0x00003d54       0x6c src/ASF/sam0/drivers/sercom/sercom_interrupt.o
                0x00003d54                _sercom_set_handler
 .text._sercom_get_interrupt_vector
                0x00003dc0       0x44 src/ASF/sam0/drivers/sercom/sercom_interrupt.o
                0x00003dc0                _sercom_get_interrupt_vector
 .text.SERCOM0_Handler
                0x00003e04       0x18 src/ASF/sam0/drivers/sercom/sercom_interrupt.o
                0x00003e04                SERCOM0_Handler
 .text.SERCOM1_Handler
                0x00003e1c       0x18 src/ASF/sam0/drivers/sercom/sercom_interrupt.o
                0x00003e1c                SERCOM1_Handler
 .text.SERCOM2_Handler
                0x00003e34       0x18 src/ASF/sam0/drivers/sercom/sercom_interrupt.o
                0x00003e34                SERCOM2_Handler
 .text.SERCOM3_Handler
                0x00003e4c       0x18 src/ASF/sam0/drivers/sercom/sercom_interrupt.o
                0x00003e4c                SERCOM3_Handler
 .text.SERCOM4_Handler
                0x00003e64       0x18 src/ASF/sam0/drivers/sercom/sercom_interrupt.o
                0x00003e64                SERCOM4_Handler
 .text.SERCOM5_Handler
                0x00003e7c       0x18 src/ASF/sam0/drivers/sercom/sercom_interrupt.o
                0x00003e7c                SERCOM5_Handler
 .text.system_pinmux_get_config_defaults
                0x00003e94       0x28 src/ASF/sam0/drivers/sercom/spi/spi.o
 .text.system_pinmux_get_group_from_gpio_pin
                0x00003ebc       0x60 src/ASF/sam0/drivers/sercom/spi/spi.o
 .text.port_get_group_from_gpio_pin
                0x00003f1c       0x24 src/ASF/sam0/drivers/sercom/spi/spi.o
 .text.port_pin_set_output_level
                0x00003f40       0x54 src/ASF/sam0/drivers/sercom/spi/spi.o
 .text.system_gclk_chan_get_config_defaults
                0x00003f94       0x16 src/ASF/sam0/drivers/sercom/spi/spi.o
 *fill*         0x00003faa        0x2 
 .text.system_apb_clock_set_mask
                0x00003fac       0x5c src/ASF/sam0/drivers/sercom/spi/spi.o
 .text.system_is_debugger_present
                0x00004008       0x20 src/ASF/sam0/drivers/sercom/spi/spi.o
 .text.system_interrupt_enable
                0x00004028       0x2c src/ASF/sam0/drivers/sercom/spi/spi.o
 .text.system_interrupt_disable
                0x00004054       0x30 src/ASF/sam0/drivers/sercom/spi/spi.o
 .text.spi_is_syncing
                0x00004084       0x20 src/ASF/sam0/drivers/sercom/spi/spi.o
 .text.spi_enable
                0x000040a4       0x50 src/ASF/sam0/drivers/sercom/spi/spi.o
 .text.spi_disable
                0x000040f4       0x5c src/ASF/sam0/drivers/sercom/spi/spi.o
 .text.spi_is_write_complete
                0x00004150       0x28 src/ASF/sam0/drivers/sercom/spi/spi.o
 .text.spi_is_ready_to_write
                0x00004178       0x28 src/ASF/sam0/drivers/sercom/spi/spi.o
 .text.spi_is_ready_to_read
                0x000041a0       0x28 src/ASF/sam0/drivers/sercom/spi/spi.o
 .text.spi_write
                0x000041c8       0x48 src/ASF/sam0/drivers/sercom/spi/spi.o
 .text.spi_read
                0x00004210       0x88 src/ASF/sam0/drivers/sercom/spi/spi.o
 .text.spi_reset
                0x00004298       0x40 src/ASF/sam0/drivers/sercom/spi/spi.o
                0x00004298                spi_reset
 .text.spi_set_baudrate
                0x000042d8       0xc8 src/ASF/sam0/drivers/sercom/spi/spi.o
                0x000042d8                spi_set_baudrate
 .text._spi_set_config
                0x000043a0      0x210 src/ASF/sam0/drivers/sercom/spi/spi.o
 .text.spi_init
                0x000045b0      0x190 src/ASF/sam0/drivers/sercom/spi/spi.o
                0x000045b0                spi_init
 .text.spi_read_buffer_wait
                0x00004740      0x134 src/ASF/sam0/drivers/sercom/spi/spi.o
                0x00004740                spi_read_buffer_wait
 .text.spi_select_slave
                0x00004874       0xf0 src/ASF/sam0/drivers/sercom/spi/spi.o
                0x00004874                spi_select_slave
 .text.spi_write_buffer_wait
                0x00004964      0x14c src/ASF/sam0/drivers/sercom/spi/spi.o
                0x00004964                spi_write_buffer_wait
 .text._spi_write
                0x00004ab0       0x7a src/ASF/sam0/drivers/sercom/spi/spi_interrupt.o
 *fill*         0x00004b2a        0x2 
 .text._spi_write_dummy
                0x00004b2c       0x34 src/ASF/sam0/drivers/sercom/spi/spi_interrupt.o
 .text._spi_read_dummy
                0x00004b60       0x36 src/ASF/sam0/drivers/sercom/spi/spi_interrupt.o
 .text._spi_read
                0x00004b96       0x70 src/ASF/sam0/drivers/sercom/spi/spi_interrupt.o
 *fill*         0x00004c06        0x2 
 .text._spi_interrupt_handler
                0x00004c08      0x280 src/ASF/sam0/drivers/sercom/spi/spi_interrupt.o
                0x00004c08                _spi_interrupt_handler
 .text.system_gclk_chan_get_config_defaults
                0x00004e88       0x16 src/ASF/sam0/drivers/sercom/usart/usart.o
 *fill*         0x00004e9e        0x2 
 .text.system_apb_clock_set_mask
                0x00004ea0       0x5c src/ASF/sam0/drivers/sercom/usart/usart.o
 .text.system_pinmux_get_config_defaults
                0x00004efc       0x28 src/ASF/sam0/drivers/sercom/usart/usart.o
 .text.system_is_debugger_present
                0x00004f24       0x20 src/ASF/sam0/drivers/sercom/usart/usart.o
 .text.usart_is_syncing
                0x00004f44       0x20 src/ASF/sam0/drivers/sercom/usart/usart.o
 .text._usart_wait_for_sync
                0x00004f64       0x24 src/ASF/sam0/drivers/sercom/usart/usart.o
 .text._usart_set_config
                0x00004f88      0x2dc src/ASF/sam0/drivers/sercom/usart/usart.o
 .text.usart_init
                0x00005264      0x274 src/ASF/sam0/drivers/sercom/usart/usart.o
                0x00005264                usart_init
 .text.usart_write_wait
                0x000054d8       0x64 src/ASF/sam0/drivers/sercom/usart/usart.o
                0x000054d8                usart_write_wait
 .text.usart_read_wait
                0x0000553c       0xec src/ASF/sam0/drivers/sercom/usart/usart.o
                0x0000553c                usart_read_wait
 .text.system_interrupt_enter_critical_section
                0x00005628       0x14 src/ASF/sam0/drivers/sercom/usart/usart_interrupt.o
 .text.system_interrupt_leave_critical_section
                0x0000563c       0x14 src/ASF/sam0/drivers/sercom/usart/usart_interrupt.o
 .text.usart_is_syncing
                0x00005650       0x20 src/ASF/sam0/drivers/sercom/usart/usart_interrupt.o
 .text._usart_wait_for_sync
                0x00005670       0x24 src/ASF/sam0/drivers/sercom/usart/usart_interrupt.o
 .text._usart_write_buffer
                0x00005694       0x5c src/ASF/sam0/drivers/sercom/usart/usart_interrupt.o
                0x00005694                _usart_write_buffer
 .text._usart_read_buffer
                0x000056f0       0x78 src/ASF/sam0/drivers/sercom/usart/usart_interrupt.o
                0x000056f0                _usart_read_buffer
 .text.usart_register_callback
                0x00005768       0x48 src/ASF/sam0/drivers/sercom/usart/usart_interrupt.o
                0x00005768                usart_register_callback
 .text.usart_write_buffer_job
                0x000057b0       0x48 src/ASF/sam0/drivers/sercom/usart/usart_interrupt.o
                0x000057b0                usart_write_buffer_job
 .text.usart_read_buffer_job
                0x000057f8       0x48 src/ASF/sam0/drivers/sercom/usart/usart_interrupt.o
                0x000057f8                usart_read_buffer_job
 .text.usart_get_job_status
                0x00005840       0x50 src/ASF/sam0/drivers/sercom/usart/usart_interrupt.o
                0x00005840                usart_get_job_status
 .text._usart_interrupt_handler
                0x00005890      0x340 src/ASF/sam0/drivers/sercom/usart/usart_interrupt.o
                0x00005890                _usart_interrupt_handler
 .text.system_gclk_gen_get_config_defaults
                0x00005bd0       0x2e src/ASF/sam0/drivers/system/clock/clock_samd21_r21_da_ha1/clock.o
 .text.system_gclk_chan_get_config_defaults
                0x00005bfe       0x16 src/ASF/sam0/drivers/system/clock/clock_samd21_r21_da_ha1/clock.o
 .text.system_clock_source_xosc32k_get_config_defaults
                0x00005c14       0x48 src/ASF/sam0/drivers/system/clock/clock_samd21_r21_da_ha1/clock.o
 .text.system_clock_source_osc8m_get_config_defaults
                0x00005c5c       0x22 src/ASF/sam0/drivers/system/clock/clock_samd21_r21_da_ha1/clock.o
 .text.system_clock_source_dfll_get_config_defaults
                0x00005c7e       0x52 src/ASF/sam0/drivers/system/clock/clock_samd21_r21_da_ha1/clock.o
 .text.system_cpu_clock_set_divider
                0x00005cd0       0x20 src/ASF/sam0/drivers/system/clock/clock_samd21_r21_da_ha1/clock.o
 .text.system_apb_clock_set_divider
                0x00005cf0       0x54 src/ASF/sam0/drivers/system/clock/clock_samd21_r21_da_ha1/clock.o
 .text.system_flash_set_waitstates
                0x00005d44       0x34 src/ASF/sam0/drivers/system/clock/clock_samd21_r21_da_ha1/clock.o
 .text._system_dfll_wait_for_sync
                0x00005d78       0x1c src/ASF/sam0/drivers/system/clock/clock_samd21_r21_da_ha1/clock.o
 .text._system_clock_source_dfll_set_config_errata_9905
                0x00005d94       0x44 src/ASF/sam0/drivers/system/clock/clock_samd21_r21_da_ha1/clock.o
 .text.system_clock_source_get_hz
                0x00005dd8       0xc0 src/ASF/sam0/drivers/system/clock/clock_samd21_r21_da_ha1/clock.o
                0x00005dd8                system_clock_source_get_hz
 .text.system_clock_source_osc8m_set_config
                0x00005e98       0x78 src/ASF/sam0/drivers/system/clock/clock_samd21_r21_da_ha1/clock.o
                0x00005e98                system_clock_source_osc8m_set_config
 .text.system_clock_source_xosc32k_set_config
                0x00005f10      0x120 src/ASF/sam0/drivers/system/clock/clock_samd21_r21_da_ha1/clock.o
                0x00005f10                system_clock_source_xosc32k_set_config
 .text.system_clock_source_dfll_set_config
                0x00006030       0xd0 src/ASF/sam0/drivers/system/clock/clock_samd21_r21_da_ha1/clock.o
                0x00006030                system_clock_source_dfll_set_config
 .text.system_clock_source_enable
                0x00006100       0xac src/ASF/sam0/drivers/system/clock/clock_samd21_r21_da_ha1/clock.o
                0x00006100                system_clock_source_enable
 .text.system_clock_source_is_ready
                0x000061ac       0x84 src/ASF/sam0/drivers/system/clock/clock_samd21_r21_da_ha1/clock.o
                0x000061ac                system_clock_source_is_ready
 .text._switch_peripheral_gclk
                0x00006230       0x38 src/ASF/sam0/drivers/system/clock/clock_samd21_r21_da_ha1/clock.o
 .text.system_clock_init
                0x00006268      0x270 src/ASF/sam0/drivers/system/clock/clock_samd21_r21_da_ha1/clock.o
                0x00006268                system_clock_init
 .text.system_apb_clock_set_mask
                0x000064d8       0x5c src/ASF/sam0/drivers/system/clock/clock_samd21_r21_da_ha1/gclk.o
 .text.system_interrupt_enter_critical_section
                0x00006534       0x14 src/ASF/sam0/drivers/system/clock/clock_samd21_r21_da_ha1/gclk.o
 .text.system_interrupt_leave_critical_section
                0x00006548       0x14 src/ASF/sam0/drivers/system/clock/clock_samd21_r21_da_ha1/gclk.o
 .text.system_gclk_is_syncing
                0x0000655c       0x20 src/ASF/sam0/drivers/system/clock/clock_samd21_r21_da_ha1/gclk.o
 .text.system_gclk_init
                0x0000657c       0x30 src/ASF/sam0/drivers/system/clock/clock_samd21_r21_da_ha1/gclk.o
                0x0000657c                system_gclk_init
 .text.system_gclk_gen_set_config
                0x000065ac      0x124 src/ASF/sam0/drivers/system/clock/clock_samd21_r21_da_ha1/gclk.o
                0x000065ac                system_gclk_gen_set_config
 .text.system_gclk_gen_enable
                0x000066d0       0x5c src/ASF/sam0/drivers/system/clock/clock_samd21_r21_da_ha1/gclk.o
                0x000066d0                system_gclk_gen_enable
 .text.system_gclk_gen_get_hz
                0x0000672c       0xd8 src/ASF/sam0/drivers/system/clock/clock_samd21_r21_da_ha1/gclk.o
                0x0000672c                system_gclk_gen_get_hz
 .text.system_gclk_chan_set_config
                0x00006804       0x44 src/ASF/sam0/drivers/system/clock/clock_samd21_r21_da_ha1/gclk.o
                0x00006804                system_gclk_chan_set_config
 .text.system_gclk_chan_enable
                0x00006848       0x48 src/ASF/sam0/drivers/system/clock/clock_samd21_r21_da_ha1/gclk.o
                0x00006848                system_gclk_chan_enable
 .text.system_gclk_chan_disable
                0x00006890       0x98 src/ASF/sam0/drivers/system/clock/clock_samd21_r21_da_ha1/gclk.o
                0x00006890                system_gclk_chan_disable
 .text.system_gclk_chan_get_hz
                0x00006928       0x58 src/ASF/sam0/drivers/system/clock/clock_samd21_r21_da_ha1/gclk.o
                0x00006928                system_gclk_chan_get_hz
 .text.system_pinmux_get_group_from_gpio_pin
                0x00006980       0x60 src/ASF/sam0/drivers/system/pinmux/pinmux.o
 .text._system_pinmux_config
                0x000069e0      0x110 src/ASF/sam0/drivers/system/pinmux/pinmux.o
 .text.system_pinmux_pin_set_config
                0x00006af0       0x48 src/ASF/sam0/drivers/system/pinmux/pinmux.o
                0x00006af0                system_pinmux_pin_set_config
 .text._system_dummy_init
                0x00006b38        0xa src/ASF/sam0/drivers/system/system.o
                0x00006b38                _system_extint_init
                0x00006b38                _system_events_init
                0x00006b38                _system_dummy_init
                0x00006b38                _system_divas_init
 *fill*         0x00006b42        0x2 
 .text.system_init
                0x00006b44       0x34 src/ASF/sam0/drivers/system/system.o
                0x00006b44                system_init
 .text.Reset_Handler
                0x00006b78       0xf8 src/ASF/sam0/utils/cmsis/samd21/source/gcc/startup_samd21.o
                0x00006b78                Reset_Handler
 .text.Dummy_Handler
                0x00006c70        0x6 src/ASF/sam0/utils/cmsis/samd21/source/gcc/startup_samd21.o
                0x00006c70                DMAC_Handler
                0x00006c70                HardFault_Handler
                0x00006c70                AC_Handler
                0x00006c70                PendSV_Handler
                0x00006c70                NMI_Handler
                0x00006c70                ADC_Handler
                0x00006c70                TCC1_Handler
                0x00006c70                TCC0_Handler
                0x00006c70                RTC_Handler
                0x00006c70                EIC_Handler
                0x00006c70                WDT_Handler
                0x00006c70                TC4_Handler
                0x00006c70                USB_Handler
                0x00006c70                TC3_Handler
                0x00006c70                Dummy_Handler
                0x00006c70                PM_Handler
                0x00006c70                SVC_Handler
                0x00006c70                TCC2_Handler
                0x00006c70                EVSYS_Handler
                0x00006c70                I2S_Handler
                0x00006c70                NVMCTRL_Handler
                0x00006c70                DAC_Handler
                0x00006c70                PTC_Handler
                0x00006c70                TC5_Handler
                0x00006c70                SYSCTRL_Handler
 *fill*         0x00006c76        0x2 
 .text._read    0x00006c78       0x54 src/ASF/sam0/utils/stdio/read.o
                0x00006c78                _read
 .text._write   0x00006ccc       0x6c src/ASF/sam0/utils/stdio/write.o
                0x00006ccc                _write
 .text._sbrk    0x00006d38       0x3c src/ASF/sam0/utils/syscalls/gcc/syscalls.o
                0x00006d38                _sbrk
 .text._close   0x00006d74       0x14 src/ASF/sam0/utils/syscalls/gcc/syscalls.o
                0x00006d74                _close
 .text._fstat   0x00006d88       0x1c src/ASF/sam0/utils/syscalls/gcc/syscalls.o
                0x00006d88                _fstat
 .text._lseek   0x00006da4       0x16 src/ASF/sam0/utils/syscalls/gcc/syscalls.o
                0x00006da4                _lseek
 .text.rtc_calendar_get_time_defaults
                0x00006dba       0x3c src/ASF/thirdparty/fatfs/fatfs-port-r0.09/diskio.o
 *fill*         0x00006df6        0x2 
 .text.rtc_calendar_get_config_defaults
                0x00006df8       0xa4 src/ASF/thirdparty/fatfs/fatfs-port-r0.09/diskio.o
 .text.configure_rtc_calendar
                0x00006e9c       0x94 src/ASF/thirdparty/fatfs/fatfs-port-r0.09/diskio.o
 .text.disk_initialize
                0x00006f30       0x84 src/ASF/thirdparty/fatfs/fatfs-port-r0.09/diskio.o
                0x00006f30                disk_initialize
 .text.disk_status
                0x00006fb4       0x38 src/ASF/thirdparty/fatfs/fatfs-port-r0.09/diskio.o
                0x00006fb4                disk_status
 .text.disk_read
                0x00006fec       0xd8 src/ASF/thirdparty/fatfs/fatfs-port-r0.09/diskio.o
                0x00006fec                disk_read
 .text.disk_write
                0x000070c4       0xd8 src/ASF/thirdparty/fatfs/fatfs-port-r0.09/diskio.o
                0x000070c4                disk_write
 .text.disk_ioctl
                0x0000719c       0xf8 src/ASF/thirdparty/fatfs/fatfs-port-r0.09/diskio.o
                0x0000719c                disk_ioctl
 .text.get_fattime
                0x00007294       0x60 src/ASF/thirdparty/fatfs/fatfs-port-r0.09/sam0/fattime_rtc.o
                0x00007294                get_fattime
 .text.mem_cpy  0x000072f4       0x38 src/ASF/thirdparty/fatfs/fatfs-r0.09/src/ff.o
 .text.mem_set  0x0000732c       0x30 src/ASF/thirdparty/fatfs/fatfs-r0.09/src/ff.o
 .text.mem_cmp  0x0000735c       0x4a src/ASF/thirdparty/fatfs/fatfs-r0.09/src/ff.o
 .text.chk_chr  0x000073a6       0x32 src/ASF/thirdparty/fatfs/fatfs-r0.09/src/ff.o
 .text.move_window
                0x000073d8       0xc8 src/ASF/thirdparty/fatfs/fatfs-r0.09/src/ff.o
 .text.sync     0x000074a0      0x198 src/ASF/thirdparty/fatfs/fatfs-r0.09/src/ff.o
 .text.clust2sect
                0x00007638       0x38 src/ASF/thirdparty/fatfs/fatfs-r0.09/src/ff.o
 .text.get_fat  0x00007670      0x16c src/ASF/thirdparty/fatfs/fatfs-r0.09/src/ff.o
 .text.put_fat  0x000077dc      0x23c src/ASF/thirdparty/fatfs/fatfs-r0.09/src/ff.o
 .text.remove_chain
                0x00007a18       0xc8 src/ASF/thirdparty/fatfs/fatfs-r0.09/src/ff.o
 .text.create_chain
                0x00007ae0      0x13c src/ASF/thirdparty/fatfs/fatfs-r0.09/src/ff.o
 .text.dir_sdi  0x00007c1c      0x130 src/ASF/thirdparty/fatfs/fatfs-r0.09/src/ff.o
 .text.dir_next
                0x00007d4c      0x1f0 src/ASF/thirdparty/fatfs/fatfs-r0.09/src/ff.o
 .text.cmp_lfn  0x00007f3c      0x104 src/ASF/thirdparty/fatfs/fatfs-r0.09/src/ff.o
 .text.pick_lfn
                0x00008040       0xe4 src/ASF/thirdparty/fatfs/fatfs-r0.09/src/ff.o
 .text.fit_lfn  0x00008124      0x110 src/ASF/thirdparty/fatfs/fatfs-r0.09/src/ff.o
 .text.gen_numname
                0x00008234      0x100 src/ASF/thirdparty/fatfs/fatfs-r0.09/src/ff.o
 .text.sum_sfn  0x00008334       0x4e src/ASF/thirdparty/fatfs/fatfs-r0.09/src/ff.o
 *fill*         0x00008382        0x2 
 .text.dir_find
                0x00008384      0x1fc src/ASF/thirdparty/fatfs/fatfs-r0.09/src/ff.o
 .text.dir_read
                0x00008580      0x1c4 src/ASF/thirdparty/fatfs/fatfs-r0.09/src/ff.o
 .text.dir_register
                0x00008744      0x368 src/ASF/thirdparty/fatfs/fatfs-r0.09/src/ff.o
 .text.dir_remove
                0x00008aac       0xd8 src/ASF/thirdparty/fatfs/fatfs-r0.09/src/ff.o
 .text.create_name
                0x00008b84      0x448 src/ASF/thirdparty/fatfs/fatfs-r0.09/src/ff.o
 .text.follow_path
                0x00008fcc      0x138 src/ASF/thirdparty/fatfs/fatfs-r0.09/src/ff.o
 .text.check_fs
                0x00009104       0xd4 src/ASF/thirdparty/fatfs/fatfs-r0.09/src/ff.o
 .text.chk_mounted
                0x000091d8      0x5fc src/ASF/thirdparty/fatfs/fatfs-r0.09/src/ff.o
 .text.validate
                0x000097d4       0x54 src/ASF/thirdparty/fatfs/fatfs-r0.09/src/ff.o
 .text.f_mount  0x00009828       0x58 src/ASF/thirdparty/fatfs/fatfs-r0.09/src/ff.o
                0x00009828                f_mount
 .text.f_open   0x00009880      0x530 src/ASF/thirdparty/fatfs/fatfs-r0.09/src/ff.o
                0x00009880                f_open
 .text.f_read   0x00009db0      0x29c src/ASF/thirdparty/fatfs/fatfs-r0.09/src/ff.o
                0x00009db0                f_read
 .text.f_write  0x0000a04c      0x350 src/ASF/thirdparty/fatfs/fatfs-r0.09/src/ff.o
                0x0000a04c                f_write
 .text.f_sync   0x0000a39c      0x180 src/ASF/thirdparty/fatfs/fatfs-r0.09/src/ff.o
                0x0000a39c                f_sync
 .text.f_close  0x0000a51c       0x3c src/ASF/thirdparty/fatfs/fatfs-r0.09/src/ff.o
                0x0000a51c                f_close
 .text.f_unlink
                0x0000a558      0x260 src/ASF/thirdparty/fatfs/fatfs-r0.09/src/ff.o
                0x0000a558                f_unlink
 .text.f_putc   0x0000a7b8       0x48 src/ASF/thirdparty/fatfs/fatfs-r0.09/src/ff.o
                0x0000a7b8                f_putc
 .text.f_puts   0x0000a800       0x4c src/ASF/thirdparty/fatfs/fatfs-r0.09/src/ff.o
                0x0000a800                f_puts
 .text.ff_convert
                0x0000a84c       0xac src/ASF/thirdparty/fatfs/fatfs-r0.09/src/option/ccsbcs.o
                0x0000a84c                ff_convert
 .text.ff_wtoupper
                0x0000a8f8       0x60 src/ASF/thirdparty/fatfs/fatfs-r0.09/src/option/ccsbcs.o
                0x0000a8f8                ff_wtoupper
 .text.NVIC_SystemReset
                0x0000a958       0x1c src/BootMain.o
 .text.system_apb_clock_set_mask
                0x0000a974       0x5c src/BootMain.o
 .text.nvm_get_config_defaults
                0x0000a9d0       0x3c src/BootMain.o
 .text.system_reset
                0x0000aa0c       0x14 src/BootMain.o
 .text.system_interrupt_enable_global
                0x0000aa20       0x1c src/BootMain.o
 .text.dsu_crc32_init
                0x0000aa3c       0x18 src/BootMain.o
 .text.main     0x0000aa54      0x46c src/BootMain.o
                0x0000aa54                main
 .text.StartFilesystemAndTest
                0x0000aec0      0x2a8 src/BootMain.o
 .text.jumpToApplication
                0x0000b168       0x38 src/BootMain.o
 .text.configure_nvm
                0x0000b1a0       0x2c src/BootMain.o
 .text          0x0000b1cc      0x114 c:/program files (x86)/atmel/studio/7.0/toolchain/arm/arm-gnu-toolchain/bin/../lib/gcc/arm-none-eabi/6.3.1/thumb/v6-m\libgcc.a(_udivsi3.o)
                0x0000b1cc                __aeabi_uidiv
                0x0000b1cc                __udivsi3
                0x0000b2d8                __aeabi_uidivmod
 .text          0x0000b2e0      0x1d4 c:/program files (x86)/atmel/studio/7.0/toolchain/arm/arm-gnu-toolchain/bin/../lib/gcc/arm-none-eabi/6.3.1/thumb/v6-m\libgcc.a(_divsi3.o)
                0x0000b2e0                __divsi3
                0x0000b2e0                __aeabi_idiv
                0x0000b4ac                __aeabi_idivmod
 .text          0x0000b4b4        0x4 c:/program files (x86)/atmel/studio/7.0/toolchain/arm/arm-gnu-toolchain/bin/../lib/gcc/arm-none-eabi/6.3.1/thumb/v6-m\libgcc.a(_dvmd_tls.o)
                0x0000b4b4                __aeabi_idiv0
                0x0000b4b4                __aeabi_ldiv0
 .text          0x0000b4b8       0x54 c:/program files (x86)/atmel/studio/7.0/toolchain/arm/arm-gnu-toolchain/bin/../lib/gcc/arm-none-eabi/6.3.1/thumb/v6-m\libgcc.a(_muldi3.o)
                0x0000b4b8                __muldi3
                0x0000b4b8                __aeabi_lmul
 .text.__libc_init_array
                0x0000b50c       0x48 c:/program files (x86)/atmel/studio/7.0/toolchain/arm/arm-gnu-toolchain/bin/../lib/gcc/arm-none-eabi/6.3.1/../../../../arm-none-eabi/lib/thumb/v6-m\libc_nano.a(lib_a-init.o)
                0x0000b50c                __libc_init_array
 .text.malloc   0x0000b554       0x14 c:/program files (x86)/atmel/studio/7.0/toolchain/arm/arm-gnu-toolchain/bin/../lib/gcc/arm-none-eabi/6.3.1/../../../../arm-none-eabi/lib/thumb/v6-m\libc_nano.a(lib_a-malloc.o)
                0x0000b554                malloc
 .text.memcpy   0x0000b568       0x12 c:/program files (x86)/atmel/studio/7.0/toolchain/arm/arm-gnu-toolchain/bin/../lib/gcc/arm-none-eabi/6.3.1/../../../../arm-none-eabi/lib/thumb/v6-m\libc_nano.a(lib_a-memcpy-stub.o)
                0x0000b568                memcpy
 .text.memset   0x0000b57a       0x10 c:/program files (x86)/atmel/studio/7.0/toolchain/arm/arm-gnu-toolchain/bin/../lib/gcc/arm-none-eabi/6.3.1/../../../../arm-none-eabi/lib/thumb/v6-m\libc_nano.a(lib_a-memset.o)
                0x0000b57a                memset
 *fill*         0x0000b58a        0x2 
 .text._free_r  0x0000b58c       0x94 c:/program files (x86)/atmel/studio/7.0/toolchain/arm/arm-gnu-toolchain/bin/../lib/gcc/arm-none-eabi/6.3.1/../../../../arm-none-eabi/lib/thumb/v6-m\libc_nano.a(lib_a-nano-freer.o)
                0x0000b58c                _free_r
 .text._malloc_r
                0x0000b620       0xbc c:/program files (x86)/atmel/studio/7.0/toolchain/arm/arm-gnu-toolchain/bin/../lib/gcc/arm-none-eabi/6.3.1/../../../../arm-none-eabi/lib/thumb/v6-m\libc_nano.a(lib_a-nano-mallocr.o)
                0x0000b620                _malloc_r
 .text._sbrk_r  0x0000b6dc       0x24 c:/program files (x86)/atmel/studio/7.0/toolchain/arm/arm-gnu-toolchain/bin/../lib/gcc/arm-none-eabi/6.3.1/../../../../arm-none-eabi/lib/thumb/v6-m\libc_nano.a(lib_a-sbrkr.o)
                0x0000b6dc                _sbrk_r
 .text.setbuf   0x0000b700       0x12 c:/program files (x86)/atmel/studio/7.0/toolchain/arm/arm-gnu-toolchain/bin/../lib/gcc/arm-none-eabi/6.3.1/../../../../arm-none-eabi/lib/thumb/v6-m\libc_nano.a(lib_a-setbuf.o)
                0x0000b700                setbuf
 *fill*         0x0000b712        0x2 
 .text.setvbuf  0x0000b714      0x158 c:/program files (x86)/atmel/studio/7.0/toolchain/arm/arm-gnu-toolchain/bin/../lib/gcc/arm-none-eabi/6.3.1/../../../../arm-none-eabi/lib/thumb/v6-m\libc_nano.a(lib_a-setvbuf.o)
                0x0000b714                setvbuf
 .text          0x0000b86c        0xe c:/program files (x86)/atmel/studio/7.0/toolchain/arm/arm-gnu-toolchain/bin/../lib/gcc/arm-none-eabi/6.3.1/../../../../arm-none-eabi/lib/thumb/v6-m\libc_nano.a(lib_a-strlen.o)
                0x0000b86c                strlen
 *fill*         0x0000b87a        0x2 
 .text.__sflush_r
                0x0000b87c      0x114 c:/program files (x86)/atmel/studio/7.0/toolchain/arm/arm-gnu-toolchain/bin/../lib/gcc/arm-none-eabi/6.3.1/../../../../arm-none-eabi/lib/thumb/v6-m\libc_nano.a(lib_a-fflush.o)
                0x0000b87c                __sflush_r
 .text._fflush_r
                0x0000b990       0x58 c:/program files (x86)/atmel/studio/7.0/toolchain/arm/arm-gnu-toolchain/bin/../lib/gcc/arm-none-eabi/6.3.1/../../../../arm-none-eabi/lib/thumb/v6-m\libc_nano.a(lib_a-fflush.o)
                0x0000b990                _fflush_r
 .text._cleanup_r
                0x0000b9e8       0x10 c:/program files (x86)/atmel/studio/7.0/toolchain/arm/arm-gnu-toolchain/bin/../lib/gcc/arm-none-eabi/6.3.1/../../../../arm-none-eabi/lib/thumb/v6-m\libc_nano.a(lib_a-findfp.o)
                0x0000b9e8                _cleanup_r
 .text.std.isra.0
                0x0000b9f8       0x48 c:/program files (x86)/atmel/studio/7.0/toolchain/arm/arm-gnu-toolchain/bin/../lib/gcc/arm-none-eabi/6.3.1/../../../../arm-none-eabi/lib/thumb/v6-m\libc_nano.a(lib_a-findfp.o)
 .text.__sfmoreglue
                0x0000ba40       0x2c c:/program files (x86)/atmel/studio/7.0/toolchain/arm/arm-gnu-toolchain/bin/../lib/gcc/arm-none-eabi/6.3.1/../../../../arm-none-eabi/lib/thumb/v6-m\libc_nano.a(lib_a-findfp.o)
                0x0000ba40                __sfmoreglue
 .text.__sinit  0x0000ba6c       0x68 c:/program files (x86)/atmel/studio/7.0/toolchain/arm/arm-gnu-toolchain/bin/../lib/gcc/arm-none-eabi/6.3.1/../../../../arm-none-eabi/lib/thumb/v6-m\libc_nano.a(lib_a-findfp.o)
                0x0000ba6c                __sinit
 .text.__sfp    0x0000bad4       0x80 c:/program files (x86)/atmel/studio/7.0/toolchain/arm/arm-gnu-toolchain/bin/../lib/gcc/arm-none-eabi/6.3.1/../../../../arm-none-eabi/lib/thumb/v6-m\libc_nano.a(lib_a-findfp.o)
                0x0000bad4                __sfp
 .text._fwalk_reent
                0x0000bb54       0x42 c:/program files (x86)/atmel/studio/7.0/toolchain/arm/arm-gnu-toolchain/bin/../lib/gcc/arm-none-eabi/6.3.1/../../../../arm-none-eabi/lib/thumb/v6-m\libc_nano.a(lib_a-fwalk.o)
                0x0000bb54                _fwalk_reent
 *fill*         0x0000bb96        0x2 
 .text.__swhatbuf_r
                0x0000bb98       0x50 c:/program files (x86)/atmel/studio/7.0/toolchain/arm/arm-gnu-toolchain/bin/../lib/gcc/arm-none-eabi/6.3.1/../../../../arm-none-eabi/lib/thumb/v6-m\libc_nano.a(lib_a-makebuf.o)
                0x0000bb98                __swhatbuf_r
 .text.__malloc_lock
                0x0000bbe8        0x2 c:/program files (x86)/atmel/studio/7.0/toolchain/arm/arm-gnu-toolchain/bin/../lib/gcc/arm-none-eabi/6.3.1/../../../../arm-none-eabi/lib/thumb/v6-m\libc_nano.a(lib_a-mlock.o)
                0x0000bbe8                __malloc_lock
 .text.__malloc_unlock
                0x0000bbea        0x2 c:/program files (x86)/atmel/studio/7.0/toolchain/arm/arm-gnu-toolchain/bin/../lib/gcc/arm-none-eabi/6.3.1/../../../../arm-none-eabi/lib/thumb/v6-m\libc_nano.a(lib_a-mlock.o)
                0x0000bbea                __malloc_unlock
 .text.__sread  0x0000bbec       0x28 c:/program files (x86)/atmel/studio/7.0/toolchain/arm/arm-gnu-toolchain/bin/../lib/gcc/arm-none-eabi/6.3.1/../../../../arm-none-eabi/lib/thumb/v6-m\libc_nano.a(lib_a-stdio.o)
                0x0000bbec                __sread
 .text.__swrite
                0x0000bc14       0x38 c:/program files (x86)/atmel/studio/7.0/toolchain/arm/arm-gnu-toolchain/bin/../lib/gcc/arm-none-eabi/6.3.1/../../../../arm-none-eabi/lib/thumb/v6-m\libc_nano.a(lib_a-stdio.o)
                0x0000bc14                __swrite
 .text.__sseek  0x0000bc4c       0x2c c:/program files (x86)/atmel/studio/7.0/toolchain/arm/arm-gnu-toolchain/bin/../lib/gcc/arm-none-eabi/6.3.1/../../../../arm-none-eabi/lib/thumb/v6-m\libc_nano.a(lib_a-stdio.o)
                0x0000bc4c                __sseek
 .text.__sclose
                0x0000bc78        0xc c:/program files (x86)/atmel/studio/7.0/toolchain/arm/arm-gnu-toolchain/bin/../lib/gcc/arm-none-eabi/6.3.1/../../../../arm-none-eabi/lib/thumb/v6-m\libc_nano.a(lib_a-stdio.o)
                0x0000bc78                __sclose
 .text._write_r
                0x0000bc84       0x28 c:/program files (x86)/atmel/studio/7.0/toolchain/arm/arm-gnu-toolchain/bin/../lib/gcc/arm-none-eabi/6.3.1/../../../../arm-none-eabi/lib/thumb/v6-m\libc_nano.a(lib_a-writer.o)
                0x0000bc84                _write_r
 .text._close_r
                0x0000bcac       0x24 c:/program files (x86)/atmel/studio/7.0/toolchain/arm/arm-gnu-toolchain/bin/../lib/gcc/arm-none-eabi/6.3.1/../../../../arm-none-eabi/lib/thumb/v6-m\libc_nano.a(lib_a-closer.o)
                0x0000bcac                _close_r
 .text._fstat_r
                0x0000bcd0       0x24 c:/program files (x86)/atmel/studio/7.0/toolchain/arm/arm-gnu-toolchain/bin/../lib/gcc/arm-none-eabi/6.3.1/../../../../arm-none-eabi/lib/thumb/v6-m\libc_nano.a(lib_a-fstatr.o)
                0x0000bcd0                _fstat_r
 .text._lseek_r
                0x0000bcf4       0x28 c:/program files (x86)/atmel/studio/7.0/toolchain/arm/arm-gnu-toolchain/bin/../lib/gcc/arm-none-eabi/6.3.1/../../../../arm-none-eabi/lib/thumb/v6-m\libc_nano.a(lib_a-lseekr.o)
                0x0000bcf4                _lseek_r
 .text._read_r  0x0000bd1c       0x28 c:/program files (x86)/atmel/studio/7.0/toolchain/arm/arm-gnu-toolchain/bin/../lib/gcc/arm-none-eabi/6.3.1/../../../../arm-none-eabi/lib/thumb/v6-m\libc_nano.a(lib_a-readr.o)
                0x0000bd1c                _read_r
 *(.glue_7t)
 .glue_7t       0x0000bd44        0x0 linker stubs
 *(.glue_7)
 .glue_7        0x0000bd44        0x0 linker stubs
 *(.rodata .rodata* .gnu.linkonce.r.*)
 .rodata.nvm_execute_command
                0x0000bd44      0x118 src/ASF/sam0/drivers/nvm/nvm.o
 .rodata.sd_mmc_trans_units
                0x0000be5c       0x1c src/ASF/common2/components/memory/sd_mmc/sd_mmc.o
                0x0000be5c                sd_mmc_trans_units
 .rodata.sd_trans_multipliers
                0x0000be78       0x40 src/ASF/common2/components/memory/sd_mmc/sd_mmc.o
                0x0000be78                sd_trans_multipliers
 .rodata.mmc_trans_multipliers
                0x0000beb8       0x40 src/ASF/common2/components/memory/sd_mmc/sd_mmc.o
                0x0000beb8                mmc_trans_multipliers
 .rodata        0x0000bef8       0x15 src/ASF/common/services/storage/ctrl_access/ctrl_access.o
 *fill*         0x0000bf0d        0x3 
 .rodata.lun_desc
                0x0000bf10       0x20 src/ASF/common/services/storage/ctrl_access/ctrl_access.o
 .rodata        0x0000bf30       0x18 src/ASF/sam0/drivers/sercom/sercom.o
 .rodata        0x0000bf48        0x6 src/ASF/sam0/drivers/sercom/sercom_interrupt.o
 *fill*         0x0000bf4e        0x2 
 .rodata.system_clock_source_get_hz
                0x0000bf50       0x24 src/ASF/sam0/drivers/system/clock/clock_samd21_r21_da_ha1/clock.o
 .rodata.system_clock_source_enable
                0x0000bf74       0x24 src/ASF/sam0/drivers/system/clock/clock_samd21_r21_da_ha1/clock.o
 .rodata.system_clock_source_is_ready
                0x0000bf98       0x24 src/ASF/sam0/drivers/system/clock/clock_samd21_r21_da_ha1/clock.o
 .rodata.LfnOfs
                0x0000bfbc        0xd src/ASF/thirdparty/fatfs/fatfs-r0.09/src/ff.o
 *fill*         0x0000bfc9        0x3 
 .rodata        0x0000bfcc       0x48 src/ASF/thirdparty/fatfs/fatfs-r0.09/src/ff.o
 .rodata.excvt.4558
                0x0000c014       0x80 src/ASF/thirdparty/fatfs/fatfs-r0.09/src/ff.o
 .rodata.Tbl    0x0000c094      0x100 src/ASF/thirdparty/fatfs/fatfs-r0.09/src/option/ccsbcs.o
 .rodata.tbl_lower.4308
                0x0000c194      0x1e0 src/ASF/thirdparty/fatfs/fatfs-r0.09/src/option/ccsbcs.o
 .rodata.tbl_upper.4309
                0x0000c374      0x1e0 src/ASF/thirdparty/fatfs/fatfs-r0.09/src/option/ccsbcs.o
 .rodata        0x0000c554      0x3c4 src/BootMain.o
 .rodata._global_impure_ptr
                0x0000c918        0x4 c:/program files (x86)/atmel/studio/7.0/toolchain/arm/arm-gnu-toolchain/bin/../lib/gcc/arm-none-eabi/6.3.1/../../../../arm-none-eabi/lib/thumb/v6-m\libc_nano.a(lib_a-impure.o)
                0x0000c918                _global_impure_ptr
 .rodata.__sf_fake_stderr
                0x0000c91c       0x20 c:/program files (x86)/atmel/studio/7.0/toolchain/arm/arm-gnu-toolchain/bin/../lib/gcc/arm-none-eabi/6.3.1/../../../../arm-none-eabi/lib/thumb/v6-m\libc_nano.a(lib_a-findfp.o)
                0x0000c91c                __sf_fake_stderr
 .rodata.__sf_fake_stdin
                0x0000c93c       0x20 c:/program files (x86)/atmel/studio/7.0/toolchain/arm/arm-gnu-toolchain/bin/../lib/gcc/arm-none-eabi/6.3.1/../../../../arm-none-eabi/lib/thumb/v6-m\libc_nano.a(lib_a-findfp.o)
                0x0000c93c                __sf_fake_stdin
 .rodata.__sf_fake_stdout
                0x0000c95c       0x20 c:/program files (x86)/atmel/studio/7.0/toolchain/arm/arm-gnu-toolchain/bin/../lib/gcc/arm-none-eabi/6.3.1/../../../../arm-none-eabi/lib/thumb/v6-m\libc_nano.a(lib_a-findfp.o)
                0x0000c95c                __sf_fake_stdout
 *(.ARM.extab* .gnu.linkonce.armextab.*)
                0x0000c97c                . = ALIGN (0x4)
 *(.init)
 .init          0x0000c97c        0x4 c:/program files (x86)/atmel/studio/7.0/toolchain/arm/arm-gnu-toolchain/bin/../lib/gcc/arm-none-eabi/6.3.1/thumb/v6-m/crti.o
                0x0000c97c                _init
 .init          0x0000c980        0x8 c:/program files (x86)/atmel/studio/7.0/toolchain/arm/arm-gnu-toolchain/bin/../lib/gcc/arm-none-eabi/6.3.1/thumb/v6-m/crtn.o
                0x0000c988                . = ALIGN (0x4)
                0x0000c988                __preinit_array_start = .
 *(.preinit_array)
                0x0000c988                __preinit_array_end = .
                0x0000c988                . = ALIGN (0x4)
                0x0000c988                __init_array_start = .
 *(SORT(.init_array.*))
 *(.init_array)
 .init_array    0x0000c988        0x4 c:/program files (x86)/atmel/studio/7.0/toolchain/arm/arm-gnu-toolchain/bin/../lib/gcc/arm-none-eabi/6.3.1/thumb/v6-m/crtbegin.o
                0x0000c98c                __init_array_end = .
                0x0000c98c                . = ALIGN (0x4)
 *crtbegin.o(.ctors)
 *(EXCLUDE_FILE(*crtend.o) .ctors)
 *(SORT(.ctors.*))
 *crtend.o(.ctors)
                0x0000c98c                . = ALIGN (0x4)
 *(.fini)
 .fini          0x0000c98c        0x4 c:/program files (x86)/atmel/studio/7.0/toolchain/arm/arm-gnu-toolchain/bin/../lib/gcc/arm-none-eabi/6.3.1/thumb/v6-m/crti.o
                0x0000c98c                _fini
 .fini          0x0000c990        0x8 c:/program files (x86)/atmel/studio/7.0/toolchain/arm/arm-gnu-toolchain/bin/../lib/gcc/arm-none-eabi/6.3.1/thumb/v6-m/crtn.o
                0x0000c998                . = ALIGN (0x4)
                0x0000c998                __fini_array_start = .
 *(.fini_array)
 .fini_array    0x0000c998        0x4 c:/program files (x86)/atmel/studio/7.0/toolchain/arm/arm-gnu-toolchain/bin/../lib/gcc/arm-none-eabi/6.3.1/thumb/v6-m/crtbegin.o
 *(SORT(.fini_array.*))
                0x0000c99c                __fini_array_end = .
 *crtbegin.o(.dtors)
 *(EXCLUDE_FILE(*crtend.o) .dtors)
 *(SORT(.dtors.*))
 *crtend.o(.dtors)
                0x0000c99c                . = ALIGN (0x4)
                0x0000c99c                _efixed = .
                [!provide]                PROVIDE (__exidx_start, .)

.vfp11_veneer   0x0000c99c        0x0
 .vfp11_veneer  0x0000c99c        0x0 linker stubs

.v4_bx          0x0000c99c        0x0
 .v4_bx         0x0000c99c        0x0 linker stubs

.iplt           0x0000c99c        0x0
 .iplt          0x0000c99c        0x0 c:/program files (x86)/atmel/studio/7.0/toolchain/arm/arm-gnu-toolchain/bin/../lib/gcc/arm-none-eabi/6.3.1/thumb/v6-m/crtbegin.o

.eh_frame       0x0000c99c        0x0
 .eh_frame      0x0000c99c        0x0 c:/program files (x86)/atmel/studio/7.0/toolchain/arm/arm-gnu-toolchain/bin/../lib/gcc/arm-none-eabi/6.3.1/thumb/v6-m/crtbegin.o

.rel.dyn        0x0000c99c        0x0
 .rel.iplt      0x0000c99c        0x0 c:/program files (x86)/atmel/studio/7.0/toolchain/arm/arm-gnu-toolchain/bin/../lib/gcc/arm-none-eabi/6.3.1/thumb/v6-m/crtbegin.o

.jcr            0x0000c99c        0x0
 .jcr           0x0000c99c        0x0 c:/program files (x86)/atmel/studio/7.0/toolchain/arm/arm-gnu-toolchain/bin/../lib/gcc/arm-none-eabi/6.3.1/thumb/v6-m/crtbegin.o

.igot.plt       0x0000c99c        0x0
 .igot.plt      0x0000c99c        0x0 c:/program files (x86)/atmel/studio/7.0/toolchain/arm/arm-gnu-toolchain/bin/../lib/gcc/arm-none-eabi/6.3.1/thumb/v6-m/crtbegin.o

.ARM.exidx
 *(.ARM.exidx* .gnu.linkonce.armexidx.*)
                [!provide]                PROVIDE (__exidx_end, .)
                0x0000c99c                . = ALIGN (0x4)
                0x0000c99c                _etext = .

.relocate       0x20000000       0x94 load address 0x0000c99c
                0x20000000                . = ALIGN (0x4)
                0x20000000                _srelocate = .
 *(.ramfunc .ramfunc.*)
 *(.data .data.*)
 .data.cycles_per_ms
                0x20000000        0x4 src/ASF/common2/services/delay/sam0/systick_counter.o
 .data.cycles_per_us
                0x20000004        0x4 src/ASF/common2/services/delay/sam0/systick_counter.o
 .data.ss_pins  0x20000008        0x1 src/ASF/common2/components/memory/sd_mmc/sd_mmc_spi.o
                0x20000008                ss_pins
 .data.g_interrupt_enabled
                0x20000009        0x1 src/ASF/common/utils/interrupt/interrupt_sam_nvic.o
                0x20000009                g_interrupt_enabled
 *fill*         0x2000000a        0x2 
 .data.test_file_name
                0x2000000c       0x12 src/BootMain.o
                0x2000000c                test_file_name
 *fill*         0x2000001e        0x2 
 .data.test_bin_file
                0x20000020       0x10 src/BootMain.o
                0x20000020                test_bin_file
 .data._impure_ptr
                0x20000030        0x4 c:/program files (x86)/atmel/studio/7.0/toolchain/arm/arm-gnu-toolchain/bin/../lib/gcc/arm-none-eabi/6.3.1/../../../../arm-none-eabi/lib/thumb/v6-m\libc_nano.a(lib_a-impure.o)
                0x20000030                _impure_ptr
 .data.impure_data
                0x20000034       0x60 c:/program files (x86)/atmel/studio/7.0/toolchain/arm/arm-gnu-toolchain/bin/../lib/gcc/arm-none-eabi/6.3.1/../../../../arm-none-eabi/lib/thumb/v6-m\libc_nano.a(lib_a-impure.o)
                0x20000094                . = ALIGN (0x4)
                0x20000094                _erelocate = .

.bss            0x20000094      0xc00 load address 0x0000ca30
                0x20000094                . = ALIGN (0x4)
                0x20000094                _sbss = .
                0x20000094                _szero = .
 *(.bss .bss.*)
 .bss           0x20000094       0x1c c:/program files (x86)/atmel/studio/7.0/toolchain/arm/arm-gnu-toolchain/bin/../lib/gcc/arm-none-eabi/6.3.1/thumb/v6-m/crtbegin.o
 .bss.ul_tickcount
                0x200000b0        0x4 src/Systick/Systick.o
 .bss._nvm_dev  0x200000b4        0x6 src/ASF/sam0/drivers/nvm/nvm.o
 *fill*         0x200000ba        0x2 
 .bss.sd_mmc_cards
                0x200000bc       0x20 src/ASF/common2/components/memory/sd_mmc/sd_mmc.o
 .bss.sd_mmc_slot_sel
                0x200000dc        0x1 src/ASF/common2/components/memory/sd_mmc/sd_mmc.o
 *fill*         0x200000dd        0x3 
 .bss.sd_mmc_card
                0x200000e0        0x4 src/ASF/common2/components/memory/sd_mmc/sd_mmc.o
 .bss.sd_mmc_nb_block_to_tranfer
                0x200000e4        0x2 src/ASF/common2/components/memory/sd_mmc/sd_mmc.o
 .bss.sd_mmc_nb_block_remaining
                0x200000e6        0x2 src/ASF/common2/components/memory/sd_mmc/sd_mmc.o
 .bss.sd_mmc_ejected
                0x200000e8        0x2 src/ASF/common2/components/memory/sd_mmc/sd_mmc_mem.o
 *fill*         0x200000ea        0x2 
 .bss.sd_mmc_master
                0x200000ec       0x3c src/ASF/common2/components/memory/sd_mmc/sd_mmc_spi.o
 .bss.sd_mmc_spi_devices
                0x20000128        0x3 src/ASF/common2/components/memory/sd_mmc/sd_mmc_spi.o
 *fill*         0x2000012b        0x1 
 .bss.slave_configs
                0x2000012c        0x3 src/ASF/common2/components/memory/sd_mmc/sd_mmc_spi.o
 .bss.sd_mmc_spi_err
                0x2000012f        0x1 src/ASF/common2/components/memory/sd_mmc/sd_mmc_spi.o
 .bss.sd_mmc_spi_response_32
                0x20000130        0x4 src/ASF/common2/components/memory/sd_mmc/sd_mmc_spi.o
 .bss.sd_mmc_spi_transfert_pos
                0x20000134        0x4 src/ASF/common2/components/memory/sd_mmc/sd_mmc_spi.o
 .bss.sd_mmc_spi_block_size
                0x20000138        0x2 src/ASF/common2/components/memory/sd_mmc/sd_mmc_spi.o
 .bss.sd_mmc_spi_nb_block
                0x2000013a        0x2 src/ASF/common2/components/memory/sd_mmc/sd_mmc_spi.o
 .bss.cpu_irq_critical_section_counter
                0x2000013c        0x4 src/ASF/common/utils/interrupt/interrupt_sam_nvic.o
 .bss.cpu_irq_prev_interrupt_state
                0x20000140        0x1 src/ASF/common/utils/interrupt/interrupt_sam_nvic.o
 *fill*         0x20000141        0x3 
 .bss._sercom_config
                0x20000144        0x2 src/ASF/sam0/drivers/sercom/sercom.o
 .bss._handler_table_initialized
                0x20000146        0x1 src/ASF/sam0/drivers/sercom/sercom_interrupt.o
 *fill*         0x20000147        0x1 
 .bss._sercom_interrupt_handlers
                0x20000148       0x18 src/ASF/sam0/drivers/sercom/sercom_interrupt.o
 .bss._system_clock_inst
                0x20000160       0x18 src/ASF/sam0/drivers/system/clock/clock_samd21_r21_da_ha1/clock.o
 .bss.heap.5296
                0x20000178        0x4 src/ASF/sam0/utils/syscalls/gcc/syscalls.o
 .bss.FatFs     0x2000017c        0x4 src/ASF/thirdparty/fatfs/fatfs-r0.09/src/ff.o
 .bss.Fsid      0x20000180        0x2 src/ASF/thirdparty/fatfs/fatfs-r0.09/src/ff.o
 *fill*         0x20000182        0x2 
 .bss.__malloc_free_list
                0x20000184        0x4 c:/program files (x86)/atmel/studio/7.0/toolchain/arm/arm-gnu-toolchain/bin/../lib/gcc/arm-none-eabi/6.3.1/../../../../arm-none-eabi/lib/thumb/v6-m\libc_nano.a(lib_a-nano-mallocr.o)
                0x20000184                __malloc_free_list
 .bss.__malloc_sbrk_start
                0x20000188        0x4 c:/program files (x86)/atmel/studio/7.0/toolchain/arm/arm-gnu-toolchain/bin/../lib/gcc/arm-none-eabi/6.3.1/../../../../arm-none-eabi/lib/thumb/v6-m\libc_nano.a(lib_a-nano-mallocr.o)
                0x20000188                __malloc_sbrk_start
 *(COMMON)
 COMMON         0x2000018c      0x844 src/SerialConsole/SerialConsole.o
                0x2000018c                usart_instance
                0x200001c0                cbufRx
                0x200001c4                latestRx
                0x200001c8                txCharacterBuffer
                0x200005c8                rxCharacterBuffer
                0x200009c8                latestTx
                0x200009cc                cbufTx
 COMMON         0x200009d0        0x4 src/ASF/sam0/drivers/rtc/rtc_sam_d_r_h/rtc_calendar.o
                0x200009d0                _rtc_instance
 COMMON         0x200009d4       0x18 src/ASF/sam0/drivers/sercom/sercom_interrupt.o
                0x200009d4                _sercom_instances
 COMMON         0x200009ec        0x2 src/ASF/sam0/drivers/sercom/spi/spi_interrupt.o
                0x200009ec                dummy_write
 *fill*         0x200009ee        0x2 
 COMMON         0x200009f0        0x4 src/ASF/sam0/utils/stdio/read.o
                0x200009f0                ptr_get
 COMMON         0x200009f4        0x8 src/ASF/sam0/utils/stdio/write.o
                0x200009f4                ptr_put
                0x200009f8                stdio_base
 COMMON         0x200009fc        0x8 src/ASF/thirdparty/fatfs/fatfs-port-r0.09/diskio.o
                0x200009fc                rtc_instance
 COMMON         0x20000a04      0x28a src/BootMain.o
                0x20000a04                fs
                0x20000c34                file_object
                0x20000c58                cdc_uart_module
                0x20000c8c                res
                0x20000c8d                status
 *fill*         0x20000c8e        0x2 
 COMMON         0x20000c90        0x4 c:/program files (x86)/atmel/studio/7.0/toolchain/arm/arm-gnu-toolchain/bin/../lib/gcc/arm-none-eabi/6.3.1/../../../../arm-none-eabi/lib/thumb/v6-m\libc_nano.a(lib_a-reent.o)
                0x20000c90                errno
                0x20000c94                . = ALIGN (0x4)
                0x20000c94                _ebss = .
                0x20000c94                _ezero = .

.stack          0x20000c94     0x2004 load address 0x0000d630
                0x20000c98                . = ALIGN (0x8)
 *fill*         0x20000c94        0x4 
                0x20000c98                _sstack = .
                0x20002c98                . = (. + STACK_SIZE)
 *fill*         0x20000c98     0x2000 
                0x20002c98                . = ALIGN (0x8)
                0x20002c98                _estack = .
                0x20002c98                . = ALIGN (0x4)
                0x20002c98                _end = .
OUTPUT(Bootloader.elf elf32-littlearm)

.ARM.attributes
                0x00000000       0x28
 .ARM.attributes
                0x00000000       0x1e c:/program files (x86)/atmel/studio/7.0/toolchain/arm/arm-gnu-toolchain/bin/../lib/gcc/arm-none-eabi/6.3.1/thumb/v6-m/crti.o
 .ARM.attributes
                0x0000001e       0x2c c:/program files (x86)/atmel/studio/7.0/toolchain/arm/arm-gnu-toolchain/bin/../lib/gcc/arm-none-eabi/6.3.1/thumb/v6-m/crtbegin.o
 .ARM.attributes
                0x0000004a       0x32 src/ASF/common2/services/delay/sam0/systick_counter.o
 .ARM.attributes
                0x0000007c       0x32 src/Systick/Systick.o
 .ARM.attributes
                0x000000ae       0x32 src/ASF/sam0/boards/board_init.o
 .ARM.attributes
                0x000000e0       0x32 src/ASF/sam0/drivers/nvm/nvm.o
 .ARM.attributes
                0x00000112       0x32 src/SD Card/SdCard.o
 .ARM.attributes
                0x00000144       0x32 src/SerialConsole/circular_buffer.o
 .ARM.attributes
                0x00000176       0x32 src/SerialConsole/SerialConsole.o
 .ARM.attributes
                0x000001a8       0x32 src/ASF/common2/components/memory/sd_mmc/sd_mmc.o
 .ARM.attributes
                0x000001da       0x32 src/ASF/common2/components/memory/sd_mmc/sd_mmc_mem.o
 .ARM.attributes
                0x0000020c       0x32 src/ASF/common2/components/memory/sd_mmc/sd_mmc_spi.o
 .ARM.attributes
                0x0000023e       0x32 src/ASF/common/services/storage/ctrl_access/ctrl_access.o
 .ARM.attributes
                0x00000270       0x32 src/ASF/common/utils/interrupt/interrupt_sam_nvic.o
 .ARM.attributes
                0x000002a2       0x32 src/ASF/sam0/drivers/port/port.o
 .ARM.attributes
                0x000002d4       0x32 src/ASF/sam0/drivers/rtc/rtc_sam_d_r_h/rtc_calendar.o
 .ARM.attributes
                0x00000306       0x32 src/ASF/sam0/drivers/sercom/sercom.o
 .ARM.attributes
                0x00000338       0x32 src/ASF/sam0/drivers/sercom/sercom_interrupt.o
 .ARM.attributes
                0x0000036a       0x32 src/ASF/sam0/drivers/sercom/spi/spi.o
 .ARM.attributes
                0x0000039c       0x32 src/ASF/sam0/drivers/sercom/spi/spi_interrupt.o
 .ARM.attributes
                0x000003ce       0x32 src/ASF/sam0/drivers/sercom/usart/usart.o
 .ARM.attributes
                0x00000400       0x32 src/ASF/sam0/drivers/sercom/usart/usart_interrupt.o
 .ARM.attributes
                0x00000432       0x32 src/ASF/sam0/drivers/system/clock/clock_samd21_r21_da_ha1/clock.o
 .ARM.attributes
                0x00000464       0x32 src/ASF/sam0/drivers/system/clock/clock_samd21_r21_da_ha1/gclk.o
 .ARM.attributes
                0x00000496       0x32 src/ASF/sam0/drivers/system/pinmux/pinmux.o
 .ARM.attributes
                0x000004c8       0x32 src/ASF/sam0/drivers/system/system.o
 .ARM.attributes
                0x000004fa       0x32 src/ASF/sam0/utils/cmsis/samd21/source/gcc/startup_samd21.o
 .ARM.attributes
                0x0000052c       0x32 src/ASF/sam0/utils/stdio/read.o
 .ARM.attributes
                0x0000055e       0x32 src/ASF/sam0/utils/stdio/write.o
 .ARM.attributes
                0x00000590       0x32 src/ASF/sam0/utils/syscalls/gcc/syscalls.o
 .ARM.attributes
                0x000005c2       0x32 src/ASF/thirdparty/fatfs/fatfs-port-r0.09/diskio.o
 .ARM.attributes
                0x000005f4       0x32 src/ASF/thirdparty/fatfs/fatfs-port-r0.09/sam0/fattime_rtc.o
 .ARM.attributes
                0x00000626       0x32 src/ASF/thirdparty/fatfs/fatfs-r0.09/src/ff.o
 .ARM.attributes
                0x00000658       0x32 src/ASF/thirdparty/fatfs/fatfs-r0.09/src/option/ccsbcs.o
 .ARM.attributes
                0x0000068a       0x32 src/BootMain.o
 .ARM.attributes
                0x000006bc       0x1e c:/program files (x86)/atmel/studio/7.0/toolchain/arm/arm-gnu-toolchain/bin/../lib/gcc/arm-none-eabi/6.3.1/thumb/v6-m\libgcc.a(_udivsi3.o)
 .ARM.attributes
                0x000006da       0x1e c:/program files (x86)/atmel/studio/7.0/toolchain/arm/arm-gnu-toolchain/bin/../lib/gcc/arm-none-eabi/6.3.1/thumb/v6-m\libgcc.a(_divsi3.o)
 .ARM.attributes
                0x000006f8       0x1e c:/program files (x86)/atmel/studio/7.0/toolchain/arm/arm-gnu-toolchain/bin/../lib/gcc/arm-none-eabi/6.3.1/thumb/v6-m\libgcc.a(_dvmd_tls.o)
 .ARM.attributes
                0x00000716       0x2c c:/program files (x86)/atmel/studio/7.0/toolchain/arm/arm-gnu-toolchain/bin/../lib/gcc/arm-none-eabi/6.3.1/thumb/v6-m\libgcc.a(_muldi3.o)
 .ARM.attributes
                0x00000742       0x2c c:/program files (x86)/atmel/studio/7.0/toolchain/arm/arm-gnu-toolchain/bin/../lib/gcc/arm-none-eabi/6.3.1/../../../../arm-none-eabi/lib/thumb/v6-m\libc_nano.a(lib_a-impure.o)
 .ARM.attributes
                0x0000076e       0x2c c:/program files (x86)/atmel/studio/7.0/toolchain/arm/arm-gnu-toolchain/bin/../lib/gcc/arm-none-eabi/6.3.1/../../../../arm-none-eabi/lib/thumb/v6-m\libc_nano.a(lib_a-init.o)
 .ARM.attributes
                0x0000079a       0x2c c:/program files (x86)/atmel/studio/7.0/toolchain/arm/arm-gnu-toolchain/bin/../lib/gcc/arm-none-eabi/6.3.1/../../../../arm-none-eabi/lib/thumb/v6-m\libc_nano.a(lib_a-malloc.o)
 .ARM.attributes
                0x000007c6       0x2c c:/program files (x86)/atmel/studio/7.0/toolchain/arm/arm-gnu-toolchain/bin/../lib/gcc/arm-none-eabi/6.3.1/../../../../arm-none-eabi/lib/thumb/v6-m\libc_nano.a(lib_a-memcpy-stub.o)
 .ARM.attributes
                0x000007f2       0x2c c:/program files (x86)/atmel/studio/7.0/toolchain/arm/arm-gnu-toolchain/bin/../lib/gcc/arm-none-eabi/6.3.1/../../../../arm-none-eabi/lib/thumb/v6-m\libc_nano.a(lib_a-memset.o)
 .ARM.attributes
                0x0000081e       0x2c c:/program files (x86)/atmel/studio/7.0/toolchain/arm/arm-gnu-toolchain/bin/../lib/gcc/arm-none-eabi/6.3.1/../../../../arm-none-eabi/lib/thumb/v6-m\libc_nano.a(lib_a-nano-freer.o)
 .ARM.attributes
                0x0000084a       0x2c c:/program files (x86)/atmel/studio/7.0/toolchain/arm/arm-gnu-toolchain/bin/../lib/gcc/arm-none-eabi/6.3.1/../../../../arm-none-eabi/lib/thumb/v6-m\libc_nano.a(lib_a-nano-mallocr.o)
 .ARM.attributes
                0x00000876       0x2c c:/program files (x86)/atmel/studio/7.0/toolchain/arm/arm-gnu-toolchain/bin/../lib/gcc/arm-none-eabi/6.3.1/../../../../arm-none-eabi/lib/thumb/v6-m\libc_nano.a(lib_a-sbrkr.o)
 .ARM.attributes
                0x000008a2       0x2c c:/program files (x86)/atmel/studio/7.0/toolchain/arm/arm-gnu-toolchain/bin/../lib/gcc/arm-none-eabi/6.3.1/../../../../arm-none-eabi/lib/thumb/v6-m\libc_nano.a(lib_a-setbuf.o)
 .ARM.attributes
                0x000008ce       0x2c c:/program files (x86)/atmel/studio/7.0/toolchain/arm/arm-gnu-toolchain/bin/../lib/gcc/arm-none-eabi/6.3.1/../../../../arm-none-eabi/lib/thumb/v6-m\libc_nano.a(lib_a-setvbuf.o)
 .ARM.attributes
                0x000008fa       0x1c c:/program files (x86)/atmel/studio/7.0/toolchain/arm/arm-gnu-toolchain/bin/../lib/gcc/arm-none-eabi/6.3.1/../../../../arm-none-eabi/lib/thumb/v6-m\libc_nano.a(lib_a-strlen.o)
 .ARM.attributes
                0x00000916       0x2c c:/program files (x86)/atmel/studio/7.0/toolchain/arm/arm-gnu-toolchain/bin/../lib/gcc/arm-none-eabi/6.3.1/../../../../arm-none-eabi/lib/thumb/v6-m\libc_nano.a(lib_a-fflush.o)
 .ARM.attributes
                0x00000942       0x2c c:/program files (x86)/atmel/studio/7.0/toolchain/arm/arm-gnu-toolchain/bin/../lib/gcc/arm-none-eabi/6.3.1/../../../../arm-none-eabi/lib/thumb/v6-m\libc_nano.a(lib_a-findfp.o)
 .ARM.attributes
                0x0000096e       0x2c c:/program files (x86)/atmel/studio/7.0/toolchain/arm/arm-gnu-toolchain/bin/../lib/gcc/arm-none-eabi/6.3.1/../../../../arm-none-eabi/lib/thumb/v6-m\libc_nano.a(lib_a-fwalk.o)
 .ARM.attributes
                0x0000099a       0x2c c:/program files (x86)/atmel/studio/7.0/toolchain/arm/arm-gnu-toolchain/bin/../lib/gcc/arm-none-eabi/6.3.1/../../../../arm-none-eabi/lib/thumb/v6-m\libc_nano.a(lib_a-makebuf.o)
 .ARM.attributes
                0x000009c6       0x2c c:/program files (x86)/atmel/studio/7.0/toolchain/arm/arm-gnu-toolchain/bin/../lib/gcc/arm-none-eabi/6.3.1/../../../../arm-none-eabi/lib/thumb/v6-m\libc_nano.a(lib_a-mlock.o)
 .ARM.attributes
                0x000009f2       0x2c c:/program files (x86)/atmel/studio/7.0/toolchain/arm/arm-gnu-toolchain/bin/../lib/gcc/arm-none-eabi/6.3.1/../../../../arm-none-eabi/lib/thumb/v6-m\libc_nano.a(lib_a-reent.o)
 .ARM.attributes
                0x00000a1e       0x2c c:/program files (x86)/atmel/studio/7.0/toolchain/arm/arm-gnu-toolchain/bin/../lib/gcc/arm-none-eabi/6.3.1/../../../../arm-none-eabi/lib/thumb/v6-m\libc_nano.a(lib_a-stdio.o)
 .ARM.attributes
                0x00000a4a       0x2c c:/program files (x86)/atmel/studio/7.0/toolchain/arm/arm-gnu-toolchain/bin/../lib/gcc/arm-none-eabi/6.3.1/../../../../arm-none-eabi/lib/thumb/v6-m\libc_nano.a(lib_a-writer.o)
 .ARM.attributes
                0x00000a76       0x2c c:/program files (x86)/atmel/studio/7.0/toolchain/arm/arm-gnu-toolchain/bin/../lib/gcc/arm-none-eabi/6.3.1/../../../../arm-none-eabi/lib/thumb/v6-m\libc_nano.a(lib_a-closer.o)
 .ARM.attributes
                0x00000aa2       0x2c c:/program files (x86)/atmel/studio/7.0/toolchain/arm/arm-gnu-toolchain/bin/../lib/gcc/arm-none-eabi/6.3.1/../../../../arm-none-eabi/lib/thumb/v6-m\libc_nano.a(lib_a-fstatr.o)
 .ARM.attributes
                0x00000ace       0x2c c:/program files (x86)/atmel/studio/7.0/toolchain/arm/arm-gnu-toolchain/bin/../lib/gcc/arm-none-eabi/6.3.1/../../../../arm-none-eabi/lib/thumb/v6-m\libc_nano.a(lib_a-lseekr.o)
 .ARM.attributes
                0x00000afa       0x2c c:/program files (x86)/atmel/studio/7.0/toolchain/arm/arm-gnu-toolchain/bin/../lib/gcc/arm-none-eabi/6.3.1/../../../../arm-none-eabi/lib/thumb/v6-m\libc_nano.a(lib_a-readr.o)
 .ARM.attributes
                0x00000b26       0x1e c:/program files (x86)/atmel/studio/7.0/toolchain/arm/arm-gnu-toolchain/bin/../lib/gcc/arm-none-eabi/6.3.1/thumb/v6-m/crtn.o

.comment        0x00000000       0x59
 .comment       0x00000000       0x59 src/ASF/common2/services/delay/sam0/systick_counter.o
                                 0x5a (size before relaxing)
 .comment       0x00000059       0x5a src/Systick/Systick.o
 .comment       0x00000059       0x5a src/ASF/sam0/boards/board_init.o
 .comment       0x00000059       0x5a src/ASF/sam0/drivers/nvm/nvm.o
 .comment       0x00000059       0x5a src/SD Card/SdCard.o
 .comment       0x00000059       0x5a src/SerialConsole/circular_buffer.o
 .comment       0x00000059       0x5a src/SerialConsole/SerialConsole.o
 .comment       0x00000059       0x5a src/ASF/common2/components/memory/sd_mmc/sd_mmc.o
 .comment       0x00000059       0x5a src/ASF/common2/components/memory/sd_mmc/sd_mmc_mem.o
 .comment       0x00000059       0x5a src/ASF/common2/components/memory/sd_mmc/sd_mmc_spi.o
 .comment       0x00000059       0x5a src/ASF/common/services/storage/ctrl_access/ctrl_access.o
 .comment       0x00000059       0x5a src/ASF/common/utils/interrupt/interrupt_sam_nvic.o
 .comment       0x00000059       0x5a src/ASF/sam0/drivers/port/port.o
 .comment       0x00000059       0x5a src/ASF/sam0/drivers/rtc/rtc_sam_d_r_h/rtc_calendar.o
 .comment       0x00000059       0x5a src/ASF/sam0/drivers/sercom/sercom.o
 .comment       0x00000059       0x5a src/ASF/sam0/drivers/sercom/sercom_interrupt.o
 .comment       0x00000059       0x5a src/ASF/sam0/drivers/sercom/spi/spi.o
 .comment       0x00000059       0x5a src/ASF/sam0/drivers/sercom/spi/spi_interrupt.o
 .comment       0x00000059       0x5a src/ASF/sam0/drivers/sercom/usart/usart.o
 .comment       0x00000059       0x5a src/ASF/sam0/drivers/sercom/usart/usart_interrupt.o
 .comment       0x00000059       0x5a src/ASF/sam0/drivers/system/clock/clock_samd21_r21_da_ha1/clock.o
 .comment       0x00000059       0x5a src/ASF/sam0/drivers/system/clock/clock_samd21_r21_da_ha1/gclk.o
 .comment       0x00000059       0x5a src/ASF/sam0/drivers/system/pinmux/pinmux.o
 .comment       0x00000059       0x5a src/ASF/sam0/drivers/system/system.o
 .comment       0x00000059       0x5a src/ASF/sam0/utils/cmsis/samd21/source/gcc/startup_samd21.o
 .comment       0x00000059       0x5a src/ASF/sam0/utils/stdio/read.o
 .comment       0x00000059       0x5a src/ASF/sam0/utils/stdio/write.o
 .comment       0x00000059       0x5a src/ASF/sam0/utils/syscalls/gcc/syscalls.o
 .comment       0x00000059       0x5a src/ASF/thirdparty/fatfs/fatfs-port-r0.09/diskio.o
 .comment       0x00000059       0x5a src/ASF/thirdparty/fatfs/fatfs-port-r0.09/sam0/fattime_rtc.o
 .comment       0x00000059       0x5a src/ASF/thirdparty/fatfs/fatfs-r0.09/src/ff.o
 .comment       0x00000059       0x5a src/ASF/thirdparty/fatfs/fatfs-r0.09/src/option/ccsbcs.o
 .comment       0x00000059       0x5a src/BootMain.o

.debug_info     0x00000000    0x4aab9
 .debug_info    0x00000000      0xb60 src/ASF/common2/services/delay/sam0/systick_counter.o
 .debug_info    0x00000b60     0x2db2 src/Systick/Systick.o
 .debug_info    0x00003912     0x12b0 src/ASF/sam0/boards/board_init.o
 .debug_info    0x00004bc2     0x2471 src/ASF/sam0/drivers/nvm/nvm.o
 .debug_info    0x00007033     0x29ef src/SD Card/SdCard.o
 .debug_info    0x00009a22      0xd03 src/SerialConsole/circular_buffer.o
 .debug_info    0x0000a725     0x3958 src/SerialConsole/SerialConsole.o
 .debug_info    0x0000e07d     0x3c32 src/ASF/common2/components/memory/sd_mmc/sd_mmc.o
 .debug_info    0x00011caf      0xffe src/ASF/common2/components/memory/sd_mmc/sd_mmc_mem.o
 .debug_info    0x00012cad     0x44c4 src/ASF/common2/components/memory/sd_mmc/sd_mmc_spi.o
 .debug_info    0x00017171      0xe61 src/ASF/common/services/storage/ctrl_access/ctrl_access.o
 .debug_info    0x00017fd2      0xb0c src/ASF/common/utils/interrupt/interrupt_sam_nvic.o
 .debug_info    0x00018ade     0x127c src/ASF/sam0/drivers/port/port.o
 .debug_info    0x00019d5a     0x3104 src/ASF/sam0/drivers/rtc/rtc_sam_d_r_h/rtc_calendar.o
 .debug_info    0x0001ce5e     0x2d91 src/ASF/sam0/drivers/sercom/sercom.o
 .debug_info    0x0001fbef     0x2b6a src/ASF/sam0/drivers/sercom/sercom_interrupt.o
 .debug_info    0x00022759     0x55cb src/ASF/sam0/drivers/sercom/spi/spi.o
 .debug_info    0x00027d24     0x3098 src/ASF/sam0/drivers/sercom/spi/spi_interrupt.o
 .debug_info    0x0002adbc     0x4875 src/ASF/sam0/drivers/sercom/usart/usart.o
 .debug_info    0x0002f631     0x2f5b src/ASF/sam0/drivers/sercom/usart/usart_interrupt.o
 .debug_info    0x0003258c     0x384e src/ASF/sam0/drivers/system/clock/clock_samd21_r21_da_ha1/clock.o
 .debug_info    0x00035dda     0x1d0b src/ASF/sam0/drivers/system/clock/clock_samd21_r21_da_ha1/gclk.o
 .debug_info    0x00037ae5     0x13be src/ASF/sam0/drivers/system/pinmux/pinmux.o
 .debug_info    0x00038ea3      0xa74 src/ASF/sam0/drivers/system/system.o
 .debug_info    0x00039917     0x3a42 src/ASF/sam0/utils/cmsis/samd21/source/gcc/startup_samd21.o
 .debug_info    0x0003d359      0xabf src/ASF/sam0/utils/stdio/read.o
 .debug_info    0x0003de18      0xac8 src/ASF/sam0/utils/stdio/write.o
 .debug_info    0x0003e8e0      0xda1 src/ASF/sam0/utils/syscalls/gcc/syscalls.o
 .debug_info    0x0003f681     0x24a8 src/ASF/thirdparty/fatfs/fatfs-port-r0.09/diskio.o
 .debug_info    0x00041b29     0x1f20 src/ASF/thirdparty/fatfs/fatfs-port-r0.09/sam0/fattime_rtc.o
 .debug_info    0x00043a49     0x276d src/ASF/thirdparty/fatfs/fatfs-r0.09/src/ff.o
 .debug_info    0x000461b6      0x16a src/ASF/thirdparty/fatfs/fatfs-r0.09/src/option/ccsbcs.o
 .debug_info    0x00046320     0x4799 src/BootMain.o

.debug_abbrev   0x00000000     0x5c91
 .debug_abbrev  0x00000000      0x22d src/ASF/common2/services/delay/sam0/systick_counter.o
 .debug_abbrev  0x0000022d      0x2f7 src/Systick/Systick.o
 .debug_abbrev  0x00000524      0x2a2 src/ASF/sam0/boards/board_init.o
 .debug_abbrev  0x000007c6      0x36f src/ASF/sam0/drivers/nvm/nvm.o
 .debug_abbrev  0x00000b35      0x29c src/SD Card/SdCard.o
 .debug_abbrev  0x00000dd1      0x211 src/SerialConsole/circular_buffer.o
 .debug_abbrev  0x00000fe2      0x3aa src/SerialConsole/SerialConsole.o
 .debug_abbrev  0x0000138c      0x398 src/ASF/common2/components/memory/sd_mmc/sd_mmc.o
 .debug_abbrev  0x00001724      0x23c src/ASF/common2/components/memory/sd_mmc/sd_mmc_mem.o
 .debug_abbrev  0x00001960      0x40e src/ASF/common2/components/memory/sd_mmc/sd_mmc_spi.o
 .debug_abbrev  0x00001d6e      0x24f src/ASF/common/services/storage/ctrl_access/ctrl_access.o
 .debug_abbrev  0x00001fbd      0x22e src/ASF/common/utils/interrupt/interrupt_sam_nvic.o
 .debug_abbrev  0x000021eb      0x27b src/ASF/sam0/drivers/port/port.o
 .debug_abbrev  0x00002466      0x3ac src/ASF/sam0/drivers/rtc/rtc_sam_d_r_h/rtc_calendar.o
 .debug_abbrev  0x00002812      0x30e src/ASF/sam0/drivers/sercom/sercom.o
 .debug_abbrev  0x00002b20      0x2bf src/ASF/sam0/drivers/sercom/sercom_interrupt.o
 .debug_abbrev  0x00002ddf      0x3dd src/ASF/sam0/drivers/sercom/spi/spi.o
 .debug_abbrev  0x000031bc      0x33b src/ASF/sam0/drivers/sercom/spi/spi_interrupt.o
 .debug_abbrev  0x000034f7      0x38f src/ASF/sam0/drivers/sercom/usart/usart.o
 .debug_abbrev  0x00003886      0x344 src/ASF/sam0/drivers/sercom/usart/usart_interrupt.o
 .debug_abbrev  0x00003bca      0x3ab src/ASF/sam0/drivers/system/clock/clock_samd21_r21_da_ha1/clock.o
 .debug_abbrev  0x00003f75      0x37a src/ASF/sam0/drivers/system/clock/clock_samd21_r21_da_ha1/gclk.o
 .debug_abbrev  0x000042ef      0x2d7 src/ASF/sam0/drivers/system/pinmux/pinmux.o
 .debug_abbrev  0x000045c6      0x1e1 src/ASF/sam0/drivers/system/system.o
 .debug_abbrev  0x000047a7      0x227 src/ASF/sam0/utils/cmsis/samd21/source/gcc/startup_samd21.o
 .debug_abbrev  0x000049ce      0x1f4 src/ASF/sam0/utils/stdio/read.o
 .debug_abbrev  0x00004bc2      0x1f4 src/ASF/sam0/utils/stdio/write.o
 .debug_abbrev  0x00004db6      0x22a src/ASF/sam0/utils/syscalls/gcc/syscalls.o
 .debug_abbrev  0x00004fe0      0x36e src/ASF/thirdparty/fatfs/fatfs-port-r0.09/diskio.o
 .debug_abbrev  0x0000534e      0x254 src/ASF/thirdparty/fatfs/fatfs-port-r0.09/sam0/fattime_rtc.o
 .debug_abbrev  0x000055a2      0x1f4 src/ASF/thirdparty/fatfs/fatfs-r0.09/src/ff.o
 .debug_abbrev  0x00005796       0xc7 src/ASF/thirdparty/fatfs/fatfs-r0.09/src/option/ccsbcs.o
 .debug_abbrev  0x0000585d      0x434 src/BootMain.o

.debug_loc      0x00000000     0x5995
 .debug_loc     0x00000000       0xd4 src/ASF/common2/services/delay/sam0/systick_counter.o
 .debug_loc     0x000000d4      0x164 src/Systick/Systick.o
 .debug_loc     0x00000238      0x118 src/ASF/sam0/boards/board_init.o
 .debug_loc     0x00000350      0x332 src/ASF/sam0/drivers/nvm/nvm.o